Archive member included to satisfy reference by file (symbol)

/usr/lib/gcc/arm-none-eabi/12.2.0/thumb/v6-m/nofp/libgcc.a(_dvmd_tls.o)
                              CMakeFiles/midi_firmware.dir/home/jacob/Documents/build/pico-sdk/src/rp2_common/pico_divider/divider.S.obj (__aeabi_idiv0)
/usr/lib/gcc/arm-none-eabi/12.2.0/../../../../arm-none-eabi/lib/thumb/v6-m/nofp/libc.a(lib_a-atexit.o)
                              /usr/lib/gcc/arm-none-eabi/12.2.0/../../../../arm-none-eabi/lib/thumb/v6-m/nofp/crt0.o (atexit)
/usr/lib/gcc/arm-none-eabi/12.2.0/../../../../arm-none-eabi/lib/thumb/v6-m/nofp/libc.a(lib_a-calloc.o)
                              CMakeFiles/midi_firmware.dir/home/jacob/Documents/build/pico-sdk/src/rp2_common/pico_malloc/pico_malloc.c.obj (calloc)
/usr/lib/gcc/arm-none-eabi/12.2.0/../../../../arm-none-eabi/lib/thumb/v6-m/nofp/libc.a(lib_a-callocr.o)
                              /usr/lib/gcc/arm-none-eabi/12.2.0/../../../../arm-none-eabi/lib/thumb/v6-m/nofp/libc.a(lib_a-calloc.o) (_calloc_r)
/usr/lib/gcc/arm-none-eabi/12.2.0/../../../../arm-none-eabi/lib/thumb/v6-m/nofp/libc.a(lib_a-errno.o)
                              /usr/lib/gcc/arm-none-eabi/12.2.0/../../../../arm-none-eabi/lib/thumb/v6-m/nofp/libc.a(lib_a-callocr.o) (__errno)
/usr/lib/gcc/arm-none-eabi/12.2.0/../../../../arm-none-eabi/lib/thumb/v6-m/nofp/libc.a(lib_a-fini.o)
                              /usr/lib/gcc/arm-none-eabi/12.2.0/../../../../arm-none-eabi/lib/thumb/v6-m/nofp/crt0.o (__libc_fini_array)
/usr/lib/gcc/arm-none-eabi/12.2.0/../../../../arm-none-eabi/lib/thumb/v6-m/nofp/libc.a(lib_a-impure.o)
                              /usr/lib/gcc/arm-none-eabi/12.2.0/../../../../arm-none-eabi/lib/thumb/v6-m/nofp/libc.a(lib_a-calloc.o) (_impure_ptr)
/usr/lib/gcc/arm-none-eabi/12.2.0/../../../../arm-none-eabi/lib/thumb/v6-m/nofp/libc.a(lib_a-init.o)
                              /usr/lib/gcc/arm-none-eabi/12.2.0/../../../../arm-none-eabi/lib/thumb/v6-m/nofp/crt0.o (__libc_init_array)
/usr/lib/gcc/arm-none-eabi/12.2.0/../../../../arm-none-eabi/lib/thumb/v6-m/nofp/libc.a(lib_a-malloc.o)
                              CMakeFiles/midi_firmware.dir/home/jacob/Documents/build/pico-sdk/src/rp2_common/pico_malloc/pico_malloc.c.obj (malloc)
/usr/lib/gcc/arm-none-eabi/12.2.0/../../../../arm-none-eabi/lib/thumb/v6-m/nofp/libc.a(lib_a-mallocr.o)
                              /usr/lib/gcc/arm-none-eabi/12.2.0/../../../../arm-none-eabi/lib/thumb/v6-m/nofp/libc.a(lib_a-callocr.o) (_malloc_r)
/usr/lib/gcc/arm-none-eabi/12.2.0/../../../../arm-none-eabi/lib/thumb/v6-m/nofp/libc.a(lib_a-mlock.o)
                              /usr/lib/gcc/arm-none-eabi/12.2.0/../../../../arm-none-eabi/lib/thumb/v6-m/nofp/libc.a(lib_a-mallocr.o) (__malloc_lock)
/usr/lib/gcc/arm-none-eabi/12.2.0/../../../../arm-none-eabi/lib/thumb/v6-m/nofp/libc.a(lib_a-sbrkr.o)
                              /usr/lib/gcc/arm-none-eabi/12.2.0/../../../../arm-none-eabi/lib/thumb/v6-m/nofp/libc.a(lib_a-mallocr.o) (_sbrk_r)
/usr/lib/gcc/arm-none-eabi/12.2.0/../../../../arm-none-eabi/lib/thumb/v6-m/nofp/libc.a(lib_a-strlen-stub.o)
                              CMakeFiles/midi_firmware.dir/usb_descriptors.c.obj (strlen)
/usr/lib/gcc/arm-none-eabi/12.2.0/../../../../arm-none-eabi/lib/thumb/v6-m/nofp/libc.a(lib_a-__atexit.o)
                              /usr/lib/gcc/arm-none-eabi/12.2.0/../../../../arm-none-eabi/lib/thumb/v6-m/nofp/libc.a(lib_a-atexit.o) (__register_exitproc)
/usr/lib/gcc/arm-none-eabi/12.2.0/../../../../arm-none-eabi/lib/thumb/v6-m/nofp/libc.a(lib_a-__call_atexit.o)
                              /usr/lib/gcc/arm-none-eabi/12.2.0/../../../../arm-none-eabi/lib/thumb/v6-m/nofp/libc.a(lib_a-__atexit.o) (__atexit_recursive_mutex)
/usr/lib/gcc/arm-none-eabi/12.2.0/../../../../arm-none-eabi/lib/thumb/v6-m/nofp/libc.a(lib_a-freer.o)
                              /usr/lib/gcc/arm-none-eabi/12.2.0/../../../../arm-none-eabi/lib/thumb/v6-m/nofp/libc.a(lib_a-malloc.o) (_free_r)
/usr/lib/gcc/arm-none-eabi/12.2.0/../../../../arm-none-eabi/lib/thumb/v6-m/nofp/libc.a(lib_a-lock.o)
                              /usr/lib/gcc/arm-none-eabi/12.2.0/../../../../arm-none-eabi/lib/thumb/v6-m/nofp/libc.a(lib_a-mlock.o) (__retarget_lock_acquire_recursive)
/usr/lib/gcc/arm-none-eabi/12.2.0/../../../../arm-none-eabi/lib/thumb/v6-m/nofp/libc.a(lib_a-reent.o)
                              /usr/lib/gcc/arm-none-eabi/12.2.0/../../../../arm-none-eabi/lib/thumb/v6-m/nofp/libc.a(lib_a-sbrkr.o) (errno)

Discarded input sections

 .text          0x0000000000000000        0x0 /usr/lib/gcc/arm-none-eabi/12.2.0/thumb/v6-m/nofp/crti.o
 .data          0x0000000000000000        0x0 /usr/lib/gcc/arm-none-eabi/12.2.0/thumb/v6-m/nofp/crti.o
 .bss           0x0000000000000000        0x0 /usr/lib/gcc/arm-none-eabi/12.2.0/thumb/v6-m/nofp/crti.o
 .text          0x0000000000000000        0x0 /usr/lib/gcc/arm-none-eabi/12.2.0/thumb/v6-m/nofp/crtbegin.o
[...]
Memory Configuration

Name             Origin             Length             Attributes
FLASH            0x0000000010000000 0x0000000000200000 xr
RAM              0x0000000020000000 0x0000000000040000 xrw
SCRATCH_X        0x0000000020040000 0x0000000000001000 xrw
SCRATCH_Y        0x0000000020041000 0x0000000000001000 xrw
*default*        0x0000000000000000 0xffffffffffffffff

Linker script and memory map

LOAD /usr/lib/gcc/arm-none-eabi/12.2.0/thumb/v6-m/nofp/crti.o
LOAD /usr/lib/gcc/arm-none-eabi/12.2.0/thumb/v6-m/nofp/crtbegin.o
LOAD /usr/lib/gcc/arm-none-eabi/12.2.0/../../../../arm-none-eabi/lib/thumb/v6-m/nofp/crt0.o

.flash_begin    0x0000000010000000        0x0
                0x0000000010000000                __flash_binary_start = .

.boot2          0x0000000010000000      0x100
                0x0000000010000000                __boot2_start__ = .
 *(.boot2)
 .boot2         0x0000000010000000      0x100 /tmp/cc5WNPyu.o
                0x0000000010000100                __boot2_end__ = .
                0x0000000000000001                ASSERT (((__boot2_end__ - __boot2_start__) == 0x100), ERROR: Pico second stage bootloader must be 256 bytes in size)

.text           0x0000000010000100     0x9350
                0x0000000010000100                __logical_binary_start = .
 *(.vectors)
 .vectors       0x0000000010000100       0xd4 CMakeFiles/midi_firmware.dir/home/jacob/Documents/build/pico-sdk/src/rp2_common/pico_standard_link/crt0.S.obj
                0x0000000010000100                __vectors
                0x0000000010000100                __VECTOR_TABLE
                0x00000000100001c0                isr_invalid
                0x00000000100001c0                __default_isrs_start
                0x00000000100001c2                isr_nmi
                0x00000000100001c4                isr_hardfault
                0x00000000100001c6                isr_svcall
                0x00000000100001c8                isr_pendsv
                0x00000000100001ca                isr_systick
                0x00000000100001cc                isr_irq30
                0x00000000100001cc                __unhandled_user_irq
                0x00000000100001cc                isr_irq13
                0x00000000100001cc                isr_irq27
                0x00000000100001cc                isr_irq31
                0x00000000100001cc                isr_irq5
                0x00000000100001cc                isr_irq11
                0x00000000100001cc                isr_irq23
                0x00000000100001cc                isr_irq18
                0x00000000100001cc                isr_irq28
                0x00000000100001cc                isr_irq19
                0x00000000100001cc                isr_irq0
                0x00000000100001cc                isr_irq6
                0x00000000100001cc                isr_irq22
                0x00000000100001cc                isr_irq17
                0x00000000100001cc                isr_irq14
                0x00000000100001cc                isr_irq2
                0x00000000100001cc                isr_irq10
                0x00000000100001cc                isr_irq8
                0x00000000100001cc                isr_irq24
                0x00000000100001cc                isr_irq1
                0x00000000100001cc                isr_irq7
                0x00000000100001cc                isr_irq21
                0x00000000100001cc                isr_irq20
                0x00000000100001cc                isr_irq15
                0x00000000100001cc                isr_irq25
                0x00000000100001cc                isr_irq4
                0x00000000100001cc                isr_irq16
                0x00000000100001cc                isr_irq29
                0x00000000100001cc                isr_irq26
                0x00000000100001cc                __default_isrs_end
                0x00000000100001cc                isr_irq3
                0x00000000100001cc                isr_irq12
                0x00000000100001cc                isr_irq9
                0x00000000100001d2                unhandled_user_irq_num_in_r0
 *(.binary_info_header)
 .binary_info_header
                0x00000000100001d4       0x14 CMakeFiles/midi_firmware.dir/home/jacob/Documents/build/pico-sdk/src/rp2_common/pico_standard_link/crt0.S.obj
                0x00000000100001e8                __binary_info_header_end = .
 *(.reset)
 .reset         0x00000000100001e8       0xa8 CMakeFiles/midi_firmware.dir/home/jacob/Documents/build/pico-sdk/src/rp2_common/pico_standard_link/crt0.S.obj
                0x00000000100001e8                _entry_point
                0x0000000010000266                __get_current_exception
 .reset         0x0000000010000290       0x30 CMakeFiles/midi_firmware.dir/home/jacob/Documents/build/pico-sdk/src/rp2_common/pico_standard_link/binary_info.c.obj
 *(.init)
 .init          0x00000000100002c0        0x4 /usr/lib/gcc/arm-none-eabi/12.2.0/thumb/v6-m/nofp/crti.o
                0x00000000100002c0                _init
 *(EXCLUDE_FILE(*libm.a: *libc.a:*lib_a-mem*.o *libgcc.a:) .text*)
 .text.frame_dummy
                0x00000000100002c4       0x20 /usr/lib/gcc/arm-none-eabi/12.2.0/thumb/v6-m/nofp/crtbegin.o
 .text.core1_main
                0x00000000100002e4      0x1e4 CMakeFiles/midi_firmware.dir/main.c.obj
                0x00000000100002e4                core1_main
 .text.keyboard_task
                0x00000000100004c8       0xcc CMakeFiles/midi_firmware.dir/main.c.obj
                0x00000000100004c8                keyboard_task
 .text.startup.main
                0x0000000010000594       0xf4 CMakeFiles/midi_firmware.dir/main.c.obj
                0x0000000010000594                main
 .text.tud_mount_cb
                0x0000000010000688        0x4 CMakeFiles/midi_firmware.dir/main.c.obj
                0x0000000010000688                tud_mount_cb
 .text.tud_umount_cb
                0x000000001000068c        0x4 CMakeFiles/midi_firmware.dir/main.c.obj
                0x000000001000068c                tud_umount_cb
 .text.tud_suspend_cb
                0x0000000010000690        0x4 CMakeFiles/midi_firmware.dir/main.c.obj
                0x0000000010000690                tud_suspend_cb
 .text.tud_resume_cb
                0x0000000010000694        0x4 CMakeFiles/midi_firmware.dir/main.c.obj
                0x0000000010000694                tud_resume_cb
 .text.tud_descriptor_device_cb
                0x0000000010000698        0x8 CMakeFiles/midi_firmware.dir/usb_descriptors.c.obj
                0x0000000010000698                tud_descriptor_device_cb
 .text.tud_descriptor_configuration_cb
                0x00000000100006a0        0x8 CMakeFiles/midi_firmware.dir/usb_descriptors.c.obj
                0x00000000100006a0                tud_descriptor_configuration_cb
 .text.tud_descriptor_string_cb
                0x00000000100006a8       0x70 CMakeFiles/midi_firmware.dir/usb_descriptors.c.obj
                0x00000000100006a8                tud_descriptor_string_cb
 .text.adc_write_callback
                0x0000000010000718       0x14 CMakeFiles/midi_firmware.dir/adc.c.obj
                0x0000000010000718                adc_write_callback
 .text.adc_read_irq
                0x000000001000072c       0xc4 CMakeFiles/midi_firmware.dir/adc.c.obj
                0x000000001000072c                adc_read_irq
 .text.init_adc
                0x00000000100007f0      0x164 CMakeFiles/midi_firmware.dir/adc.c.obj
                0x00000000100007f0                init_adc
 .text.key_get_velocity_cms
                0x0000000010000954       0x50 CMakeFiles/midi_firmware.dir/keys.c.obj
                0x0000000010000954                key_get_velocity_cms
 .text.init_keys
                0x00000000100009a4       0x44 CMakeFiles/midi_firmware.dir/keys.c.obj
                0x00000000100009a4                init_keys
 .text.send_general_midi_message
                0x00000000100009e8       0x54 CMakeFiles/midi_firmware.dir/midi.c.obj
                0x00000000100009e8                send_general_midi_message
 .text.change_midi_volume
                0x0000000010000a3c       0x40 CMakeFiles/midi_firmware.dir/midi.c.obj
                0x0000000010000a3c                change_midi_volume
 .text.mute_midi_volume
                0x0000000010000a7c       0x28 CMakeFiles/midi_firmware.dir/midi.c.obj
                0x0000000010000a7c                mute_midi_volume
 .text.gpio_callback
                0x0000000010000aa4      0x160 CMakeFiles/midi_firmware.dir/gpio.c.obj
                0x0000000010000aa4                gpio_callback
 .text.pin_init
                0x0000000010000c04      0x150 CMakeFiles/midi_firmware.dir/gpio.c.obj
                0x0000000010000c04                pin_init
 .text.init_disp
                0x0000000010000d54      0x680 CMakeFiles/midi_firmware.dir/display.c.obj
                0x0000000010000d54                init_disp
 .text.disp_wr_cmd
                0x00000000100013d4       0x60 CMakeFiles/midi_firmware.dir/display.c.obj
                0x00000000100013d4                disp_wr_cmd
 .text.screan_to_disp
                0x0000000010001434       0x68 CMakeFiles/midi_firmware.dir/display.c.obj
                0x0000000010001434                screan_to_disp
 .text.draw_char
                0x000000001000149c      0x4b8 CMakeFiles/midi_firmware.dir/display.c.obj
                0x000000001000149c                draw_char
 .text.draw_string
                0x0000000010001954      0x174 CMakeFiles/midi_firmware.dir/display.c.obj
                0x0000000010001954                draw_string
 .text.gpio_irq_handler
                0x0000000010001ac8       0x7c CMakeFiles/midi_firmware.dir/home/jacob/Documents/build/pico-sdk/src/rp2_common/hardware_gpio/gpio.c.obj
 .text.gpio_set_function
                0x0000000010001b44       0x30 CMakeFiles/midi_firmware.dir/home/jacob/Documents/build/pico-sdk/src/rp2_common/hardware_gpio/gpio.c.obj
                0x0000000010001b44                gpio_set_function
 .text.gpio_set_pulls
                0x0000000010001b74       0x24 CMakeFiles/midi_firmware.dir/home/jacob/Documents/build/pico-sdk/src/rp2_common/hardware_gpio/gpio.c.obj
                0x0000000010001b74                gpio_set_pulls
 .text.gpio_set_slew_rate
                0x0000000010001b98       0x20 CMakeFiles/midi_firmware.dir/home/jacob/Documents/build/pico-sdk/src/rp2_common/hardware_gpio/gpio.c.obj
                0x0000000010001b98                gpio_set_slew_rate
 .text.gpio_set_irq_enabled
                0x0000000010001bb8       0x54 CMakeFiles/midi_firmware.dir/home/jacob/Documents/build/pico-sdk/src/rp2_common/hardware_gpio/gpio.c.obj
                0x0000000010001bb8                gpio_set_irq_enabled
 .text.gpio_set_irq_enabled_with_callback
                0x0000000010001c0c       0x78 CMakeFiles/midi_firmware.dir/home/jacob/Documents/build/pico-sdk/src/rp2_common/hardware_gpio/gpio.c.obj
                0x0000000010001c0c                gpio_set_irq_enabled_with_callback
 .text.gpio_init
                0x0000000010001c84       0x3c CMakeFiles/midi_firmware.dir/home/jacob/Documents/build/pico-sdk/src/rp2_common/hardware_gpio/gpio.c.obj
                0x0000000010001c84                gpio_init
 .text.hw_claim_or_assert
                0x0000000010001cc0       0x44 CMakeFiles/midi_firmware.dir/home/jacob/Documents/build/pico-sdk/src/rp2_common/hardware_claim/claim.c.obj
                0x0000000010001cc0                hw_claim_or_assert
 .text.hw_claim_unused_from_range
                0x0000000010001d04       0x9c CMakeFiles/midi_firmware.dir/home/jacob/Documents/build/pico-sdk/src/rp2_common/hardware_claim/claim.c.obj
                0x0000000010001d04                hw_claim_unused_from_range
 .text.running_on_fpga
                0x0000000010001da0       0x10 CMakeFiles/midi_firmware.dir/home/jacob/Documents/build/pico-sdk/src/rp2_common/pico_platform/platform.c.obj
                0x0000000010001da0                running_on_fpga
 .text.spin_locks_reset
                0x0000000010001db0       0x1c CMakeFiles/midi_firmware.dir/home/jacob/Documents/build/pico-sdk/src/rp2_common/hardware_sync/sync.c.obj
                0x0000000010001db0                spin_locks_reset
 .text.next_striped_spin_lock_num
                0x0000000010001dcc       0x18 CMakeFiles/midi_firmware.dir/home/jacob/Documents/build/pico-sdk/src/rp2_common/hardware_sync/sync.c.obj
                0x0000000010001dcc                next_striped_spin_lock_num
 .text.spin_lock_claim_unused
                0x0000000010001de4       0x24 CMakeFiles/midi_firmware.dir/home/jacob/Documents/build/pico-sdk/src/rp2_common/hardware_sync/sync.c.obj
                0x0000000010001de4                spin_lock_claim_unused
 .text.uart_init
                0x0000000010001e08       0xe0 CMakeFiles/midi_firmware.dir/home/jacob/Documents/build/pico-sdk/src/rp2_common/hardware_uart/uart.c.obj
                0x0000000010001e08                uart_init
 .text.timer_pool_entry_comparator
                0x0000000010001ee8       0x34 CMakeFiles/midi_firmware.dir/home/jacob/Documents/build/pico-sdk/src/common/pico_time/time.c.obj
                0x0000000010001ee8                timer_pool_entry_comparator
 .text.repeating_timer_callback
                0x0000000010001f1c       0x1c CMakeFiles/midi_firmware.dir/home/jacob/Documents/build/pico-sdk/src/common/pico_time/time.c.obj
 .text.sleep_until_callback
                0x0000000010001f38       0x30 CMakeFiles/midi_firmware.dir/home/jacob/Documents/build/pico-sdk/src/common/pico_time/time.c.obj
 .text.add_alarm_under_lock.isra.0
                0x0000000010001f68       0xf8 CMakeFiles/midi_firmware.dir/home/jacob/Documents/build/pico-sdk/src/common/pico_time/time.c.obj
 .text.alarm_pool_alarm_callback
                0x0000000010002060      0x1c4 CMakeFiles/midi_firmware.dir/home/jacob/Documents/build/pico-sdk/src/common/pico_time/time.c.obj
 .text.alarm_pool_add_alarm_at.constprop.0
                0x0000000010002224      0x114 CMakeFiles/midi_firmware.dir/home/jacob/Documents/build/pico-sdk/src/common/pico_time/time.c.obj
 .text.alarm_pool_init_default
                0x0000000010002338       0x64 CMakeFiles/midi_firmware.dir/home/jacob/Documents/build/pico-sdk/src/common/pico_time/time.c.obj
                0x0000000010002338                alarm_pool_init_default
 .text.alarm_pool_get_default
                0x000000001000239c        0x8 CMakeFiles/midi_firmware.dir/home/jacob/Documents/build/pico-sdk/src/common/pico_time/time.c.obj
                0x000000001000239c                alarm_pool_get_default
 .text.alarm_pool_add_repeating_timer_us
                0x00000000100023a4      0x238 CMakeFiles/midi_firmware.dir/home/jacob/Documents/build/pico-sdk/src/common/pico_time/time.c.obj
                0x00000000100023a4                alarm_pool_add_repeating_timer_us
 .text.sleep_until
                0x00000000100025dc       0xac CMakeFiles/midi_firmware.dir/home/jacob/Documents/build/pico-sdk/src/common/pico_time/time.c.obj
                0x00000000100025dc                sleep_until
 .text.sleep_ms
                0x0000000010002688       0x38 CMakeFiles/midi_firmware.dir/home/jacob/Documents/build/pico-sdk/src/common/pico_time/time.c.obj
                0x0000000010002688                sleep_ms
 .text.best_effort_wfe_or_timeout
                0x00000000100026c0       0xb0 CMakeFiles/midi_firmware.dir/home/jacob/Documents/build/pico-sdk/src/common/pico_time/time.c.obj
                0x00000000100026c0                best_effort_wfe_or_timeout
 .text.hardware_alarm_irq_handler
                0x0000000010002770       0xb8 CMakeFiles/midi_firmware.dir/home/jacob/Documents/build/pico-sdk/src/rp2_common/hardware_timer/timer.c.obj
 .text.hardware_alarm_claim
                0x0000000010002828       0x18 CMakeFiles/midi_firmware.dir/home/jacob/Documents/build/pico-sdk/src/rp2_common/hardware_timer/timer.c.obj
                0x0000000010002828                hardware_alarm_claim
 .text.time_us_64
                0x0000000010002840       0x14 CMakeFiles/midi_firmware.dir/home/jacob/Documents/build/pico-sdk/src/rp2_common/hardware_timer/timer.c.obj
                0x0000000010002840                time_us_64
 .text.busy_wait_until
                0x0000000010002854       0x20 CMakeFiles/midi_firmware.dir/home/jacob/Documents/build/pico-sdk/src/rp2_common/hardware_timer/timer.c.obj
                0x0000000010002854                busy_wait_until
 .text.hardware_alarm_set_callback
                0x0000000010002874       0x8c CMakeFiles/midi_firmware.dir/home/jacob/Documents/build/pico-sdk/src/rp2_common/hardware_timer/timer.c.obj
                0x0000000010002874                hardware_alarm_set_callback
 .text.hardware_alarm_set_target
                0x0000000010002900       0xdc CMakeFiles/midi_firmware.dir/home/jacob/Documents/build/pico-sdk/src/rp2_common/hardware_timer/timer.c.obj
                0x0000000010002900                hardware_alarm_set_target
 .text.hardware_alarm_cancel
                0x00000000100029dc       0x3c CMakeFiles/midi_firmware.dir/home/jacob/Documents/build/pico-sdk/src/rp2_common/hardware_timer/timer.c.obj
                0x00000000100029dc                hardware_alarm_cancel
 .text.lock_init
                0x0000000010002a18       0x10 CMakeFiles/midi_firmware.dir/home/jacob/Documents/build/pico-sdk/src/common/pico_sync/lock_core.c.obj
                0x0000000010002a18                lock_init
 .text.mutex_init
                0x0000000010002a28       0x1c CMakeFiles/midi_firmware.dir/home/jacob/Documents/build/pico-sdk/src/common/pico_sync/mutex.c.obj
                0x0000000010002a28                mutex_init
 .text.recursive_mutex_init
                0x0000000010002a44       0x1c CMakeFiles/midi_firmware.dir/home/jacob/Documents/build/pico-sdk/src/common/pico_sync/mutex.c.obj
                0x0000000010002a44                recursive_mutex_init
 .text.critical_section_init
                0x0000000010002a60       0x1c CMakeFiles/midi_firmware.dir/home/jacob/Documents/build/pico-sdk/src/common/pico_sync/critical_section.c.obj
                0x0000000010002a60                critical_section_init
 .text.ph_merge_nodes
                0x0000000010002a7c       0x58 CMakeFiles/midi_firmware.dir/home/jacob/Documents/build/pico-sdk/src/common/pico_util/pheap.c.obj
 .text.ph_post_alloc_init
                0x0000000010002ad4       0x3c CMakeFiles/midi_firmware.dir/home/jacob/Documents/build/pico-sdk/src/common/pico_util/pheap.c.obj
                0x0000000010002ad4                ph_post_alloc_init
 .text.ph_merge_two_pass
                0x0000000010002b10       0x8c CMakeFiles/midi_firmware.dir/home/jacob/Documents/build/pico-sdk/src/common/pico_util/pheap.c.obj
                0x0000000010002b10                ph_merge_two_pass
 .text.ph_remove_any_head
                0x0000000010002b9c      0x12c CMakeFiles/midi_firmware.dir/home/jacob/Documents/build/pico-sdk/src/common/pico_util/pheap.c.obj
 .text.ph_remove_head
                0x0000000010002cc8      0x130 CMakeFiles/midi_firmware.dir/home/jacob/Documents/build/pico-sdk/src/common/pico_util/pheap.c.obj
                0x0000000010002cc8                ph_remove_head
 .text.ph_remove_and_free_node
                0x0000000010002df8       0x78 CMakeFiles/midi_firmware.dir/home/jacob/Documents/build/pico-sdk/src/common/pico_util/pheap.c.obj
                0x0000000010002df8                ph_remove_and_free_node
 .text.queue_init_with_spinlock
                0x0000000010002e70       0x24 CMakeFiles/midi_firmware.dir/home/jacob/Documents/build/pico-sdk/src/common/pico_util/queue.c.obj
                0x0000000010002e70                queue_init_with_spinlock
 .text.queue_try_add
                0x0000000010002e94       0x70 CMakeFiles/midi_firmware.dir/home/jacob/Documents/build/pico-sdk/src/common/pico_util/queue.c.obj
                0x0000000010002e94                queue_try_add
 .text.queue_try_remove
                0x0000000010002f04       0x70 CMakeFiles/midi_firmware.dir/home/jacob/Documents/build/pico-sdk/src/common/pico_util/queue.c.obj
                0x0000000010002f04                queue_try_remove
 .text.runtime_init
                0x0000000010002f74       0xec CMakeFiles/midi_firmware.dir/home/jacob/Documents/build/pico-sdk/src/rp2_common/pico_runtime/runtime.c.obj
                0x0000000010002f74                runtime_init
 .text._sbrk    0x0000000010003060       0x34 CMakeFiles/midi_firmware.dir/home/jacob/Documents/build/pico-sdk/src/rp2_common/pico_runtime/runtime.c.obj
                0x0000000010003060                _sbrk
 .text.exit     0x0000000010003094        0x4 CMakeFiles/midi_firmware.dir/home/jacob/Documents/build/pico-sdk/src/rp2_common/pico_runtime/runtime.c.obj
                0x0000000010003094                exit
 .text.panic    0x0000000010003098       0x30 CMakeFiles/midi_firmware.dir/home/jacob/Documents/build/pico-sdk/src/rp2_common/pico_runtime/runtime.c.obj
                0x0000000010003098                panic
 .text.hard_assertion_failure
                0x00000000100030c8        0xc CMakeFiles/midi_firmware.dir/home/jacob/Documents/build/pico-sdk/src/rp2_common/pico_runtime/runtime.c.obj
                0x00000000100030c8                hard_assertion_failure
 .text.clocks_init
                0x00000000100030d4      0x2b4 CMakeFiles/midi_firmware.dir/home/jacob/Documents/build/pico-sdk/src/rp2_common/hardware_clocks/clocks.c.obj
                0x00000000100030d4                clocks_init
 .text.clock_get_hz
                0x0000000010003388        0xc CMakeFiles/midi_firmware.dir/home/jacob/Documents/build/pico-sdk/src/rp2_common/hardware_clocks/clocks.c.obj
                0x0000000010003388                clock_get_hz
 .text.irq_set_enabled
                0x0000000010003394       0x24 CMakeFiles/midi_firmware.dir/home/jacob/Documents/build/pico-sdk/src/rp2_common/hardware_irq/irq.c.obj
                0x0000000010003394                irq_set_enabled
 .text.irq_is_enabled
                0x00000000100033b8       0x18 CMakeFiles/midi_firmware.dir/home/jacob/Documents/build/pico-sdk/src/rp2_common/hardware_irq/irq.c.obj
                0x00000000100033b8                irq_is_enabled
 .text.irq_get_vtable_handler
                0x00000000100033d0       0x10 CMakeFiles/midi_firmware.dir/home/jacob/Documents/build/pico-sdk/src/rp2_common/hardware_irq/irq.c.obj
                0x00000000100033d0                irq_get_vtable_handler
 .text.irq_set_exclusive_handler
                0x00000000100033e0       0x54 CMakeFiles/midi_firmware.dir/home/jacob/Documents/build/pico-sdk/src/rp2_common/hardware_irq/irq.c.obj
                0x00000000100033e0                irq_set_exclusive_handler
 .text.irq_add_shared_handler
                0x0000000010003434      0x1e0 CMakeFiles/midi_firmware.dir/home/jacob/Documents/build/pico-sdk/src/rp2_common/hardware_irq/irq.c.obj
                0x0000000010003434                irq_add_shared_handler
 .text.irq_remove_handler
                0x0000000010003614      0x1c4 CMakeFiles/midi_firmware.dir/home/jacob/Documents/build/pico-sdk/src/rp2_common/hardware_irq/irq.c.obj
                0x0000000010003614                irq_remove_handler
 .text.irq_add_tail_to_free_list
                0x00000000100037d8       0xb4 CMakeFiles/midi_firmware.dir/home/jacob/Documents/build/pico-sdk/src/rp2_common/hardware_irq/irq.c.obj
                0x00000000100037d8                irq_add_tail_to_free_list
 .text.irq_init_priorities
                0x000000001000388c       0x24 CMakeFiles/midi_firmware.dir/home/jacob/Documents/build/pico-sdk/src/rp2_common/hardware_irq/irq.c.obj
                0x000000001000388c                irq_init_priorities
 .text.pll_init
                0x00000000100038b0       0xa0 CMakeFiles/midi_firmware.dir/home/jacob/Documents/build/pico-sdk/src/rp2_common/hardware_pll/pll.c.obj
                0x00000000100038b0                pll_init
 .text.watchdog_start_tick
                0x0000000010003950       0x10 CMakeFiles/midi_firmware.dir/home/jacob/Documents/build/pico-sdk/src/rp2_common/hardware_watchdog/watchdog.c.obj
                0x0000000010003950                watchdog_start_tick
 .text.xosc_init
                0x0000000010003960       0x28 CMakeFiles/midi_firmware.dir/home/jacob/Documents/build/pico-sdk/src/rp2_common/hardware_xosc/xosc.c.obj
                0x0000000010003960                xosc_init
 .text._out_buffer
                0x0000000010003988        0x8 CMakeFiles/midi_firmware.dir/home/jacob/Documents/build/pico-sdk/src/rp2_common/pico_printf/printf.c.obj
 .text._out_null
                0x0000000010003990        0x4 CMakeFiles/midi_firmware.dir/home/jacob/Documents/build/pico-sdk/src/rp2_common/pico_printf/printf.c.obj
 .text._out_rev
                0x0000000010003994       0x90 CMakeFiles/midi_firmware.dir/home/jacob/Documents/build/pico-sdk/src/rp2_common/pico_printf/printf.c.obj
 .text._ntoa_format
                0x0000000010003a24      0x208 CMakeFiles/midi_firmware.dir/home/jacob/Documents/build/pico-sdk/src/rp2_common/pico_printf/printf.c.obj
 .text._out_char
                0x0000000010003c2c       0x10 CMakeFiles/midi_firmware.dir/home/jacob/Documents/build/pico-sdk/src/rp2_common/pico_printf/printf.c.obj
 .text._out_fct
                0x0000000010003c3c       0x10 CMakeFiles/midi_firmware.dir/home/jacob/Documents/build/pico-sdk/src/rp2_common/pico_printf/printf.c.obj
 .text._etoa    0x0000000010003c4c      0x464 CMakeFiles/midi_firmware.dir/home/jacob/Documents/build/pico-sdk/src/rp2_common/pico_printf/printf.c.obj
 .text._ftoa    0x00000000100040b0      0x3c4 CMakeFiles/midi_firmware.dir/home/jacob/Documents/build/pico-sdk/src/rp2_common/pico_printf/printf.c.obj
 .text._vsnprintf
                0x0000000010004474      0xc18 CMakeFiles/midi_firmware.dir/home/jacob/Documents/build/pico-sdk/src/rp2_common/pico_printf/printf.c.obj
 .text.__wrap_sprintf
                0x000000001000508c       0x2c CMakeFiles/midi_firmware.dir/home/jacob/Documents/build/pico-sdk/src/rp2_common/pico_printf/printf.c.obj
                0x000000001000508c                __wrap_sprintf
 .text.vfctprintf
                0x00000000100050b8       0x20 CMakeFiles/midi_firmware.dir/home/jacob/Documents/build/pico-sdk/src/rp2_common/pico_printf/printf.c.obj
                0x00000000100050b8                vfctprintf
 .text.weak_raw_vprintf
                0x00000000100050d8       0x30 CMakeFiles/midi_firmware.dir/home/jacob/Documents/build/pico-sdk/src/rp2_common/pico_printf/printf.c.obj
                0x00000000100050d8                weak_raw_vprintf
 .text          0x0000000010005108       0x10 CMakeFiles/midi_firmware.dir/home/jacob/Documents/build/pico-sdk/src/rp2_common/pico_bit_ops/bit_ops_aeabi.S.obj
 .text.rom_func_lookup
                0x0000000010005118       0x10 CMakeFiles/midi_firmware.dir/home/jacob/Documents/build/pico-sdk/src/rp2_common/pico_bootrom/bootrom.c.obj
                0x0000000010005118                rom_func_lookup
 .text.rom_data_lookup
                0x0000000010005128       0x10 CMakeFiles/midi_firmware.dir/home/jacob/Documents/build/pico-sdk/src/rp2_common/pico_bootrom/bootrom.c.obj
                0x0000000010005128                rom_data_lookup
 .text.rom_funcs_lookup
                0x0000000010005138       0x44 CMakeFiles/midi_firmware.dir/home/jacob/Documents/build/pico-sdk/src/rp2_common/pico_bootrom/bootrom.c.obj
                0x0000000010005138                rom_funcs_lookup
 .text.__wrap___aeabi_idiv
                0x000000001000517c       0x50 CMakeFiles/midi_firmware.dir/home/jacob/Documents/build/pico-sdk/src/rp2_common/pico_divider/divider.S.obj
                0x000000001000517c                __wrap___aeabi_idivmod
                0x000000001000517c                divmod_s32s32
                0x000000001000517c                div_s32s32
                0x000000001000517c                __wrap___aeabi_idiv
                0x0000000010005184                divmod_s32s32_unsafe
                0x00000000100051b0                divmod_s32s32_savestate
 .text.__wrap___aeabi_uidiv
                0x00000000100051cc       0x4c CMakeFiles/midi_firmware.dir/home/jacob/Documents/build/pico-sdk/src/rp2_common/pico_divider/divider.S.obj
                0x00000000100051cc                __wrap___aeabi_uidiv
                0x00000000100051cc                __wrap___aeabi_uidivmod
                0x00000000100051cc                div_u32u32
                0x00000000100051cc                divmod_u32u32
                0x00000000100051d4                divmod_u32u32_unsafe
                0x00000000100051fc                divmod_u32u32_savestate
 .text.__wrap___aeabi_ldiv
                0x0000000010005218      0x434 CMakeFiles/midi_firmware.dir/home/jacob/Documents/build/pico-sdk/src/rp2_common/pico_divider/divider.S.obj
                0x0000000010005218                div_s64s64
                0x0000000010005218                divmod_s64s64
                0x0000000010005218                __wrap___aeabi_ldivmod
                0x0000000010005250                div_u64u64
                0x0000000010005250                divmod_u64u64
                0x0000000010005250                __wrap___aeabi_uldivmod
                0x0000000010005260                divmod_u64u64_savestate
                0x0000000010005288                divmod_s64s64_unsafe
                0x0000000010005310                divmod_u64u64_unsafe
 .text.__wrap___aeabi_darithmetic
                0x000000001000564c       0x80 CMakeFiles/midi_firmware.dir/home/jacob/Documents/build/pico-sdk/src/rp2_common/pico_double/double_aeabi.S.obj
                0x000000001000564c                __wrap___aeabi_drsub
                0x0000000010005652                __wrap___aeabi_dsub
                0x0000000010005664                __wrap___aeabi_dadd
                0x0000000010005676                __wrap___aeabi_ddiv
                0x00000000100056b2                __wrap___aeabi_dmul
 .text.__wrap___aeabi_cdcmple
                0x00000000100056cc       0x6c CMakeFiles/midi_firmware.dir/home/jacob/Documents/build/pico-sdk/src/rp2_common/pico_double/double_aeabi.S.obj
                0x00000000100056cc                __wrap___aeabi_cdrcmple
                0x00000000100056dc                __wrap___aeabi_cdcmple
                0x00000000100056dc                __wrap___aeabi_cdcmpeq
 .text.__wrap___aeabi_dcmplt
                0x0000000010005738        0xc CMakeFiles/midi_firmware.dir/home/jacob/Documents/build/pico-sdk/src/rp2_common/pico_double/double_aeabi.S.obj
                0x0000000010005738                __wrap___aeabi_dcmplt
 .text.__wrap___aeabi_dcmpge
                0x0000000010005744       0x10 CMakeFiles/midi_firmware.dir/home/jacob/Documents/build/pico-sdk/src/rp2_common/pico_double/double_aeabi.S.obj
                0x0000000010005744                __wrap___aeabi_dcmpge
 .text.__wrap___aeabi_dcmpgt
                0x0000000010005754        0xa CMakeFiles/midi_firmware.dir/home/jacob/Documents/build/pico-sdk/src/rp2_common/pico_double/double_aeabi.S.obj
                0x0000000010005754                __wrap___aeabi_dcmpgt
 .text.__wrap___aeabi_dcmpun
                0x000000001000575e       0x1c CMakeFiles/midi_firmware.dir/home/jacob/Documents/build/pico-sdk/src/rp2_common/pico_double/double_aeabi.S.obj
                0x000000001000575e                __wrap___aeabi_dcmpun
 *fill*         0x000000001000577a        0x2 
 .text.__wrap___aeabi_i2d
                0x000000001000577c       0x38 CMakeFiles/midi_firmware.dir/home/jacob/Documents/build/pico-sdk/src/rp2_common/pico_double/double_aeabi.S.obj
                0x000000001000577c                __wrap___aeabi_ui2d
                0x0000000010005784                __wrap___aeabi_i2d
 .text.__wrap___aeabi_d2iz
                0x00000000100057b4       0x48 CMakeFiles/midi_firmware.dir/home/jacob/Documents/build/pico-sdk/src/rp2_common/pico_double/double_aeabi.S.obj
                0x00000000100057b4                __wrap___aeabi_d2iz
                0x00000000100057b4                double2int_z
 .text.__wrap___aeabi_d2uiz
                0x00000000100057fc       0x18 CMakeFiles/midi_firmware.dir/home/jacob/Documents/build/pico-sdk/src/rp2_common/pico_double/double_aeabi.S.obj
                0x00000000100057fc                double2uint
                0x00000000100057fc                __wrap___aeabi_d2uiz
 .text.__wrap___aeabi_ul2d
                0x0000000010005814       0x18 CMakeFiles/midi_firmware.dir/home/jacob/Documents/build/pico-sdk/src/rp2_common/pico_double/double_aeabi.S.obj
                0x0000000010005814                __wrap___aeabi_ul2d
 .text.__aeabi_double_init
                0x000000001000582c       0x98 CMakeFiles/midi_firmware.dir/home/jacob/Documents/build/pico-sdk/src/rp2_common/pico_double/double_init_rom.c.obj
                0x000000001000582c                __aeabi_double_init
 .text.double_table_shim_on_use_helper
                0x00000000100058c4       0x2c CMakeFiles/midi_firmware.dir/home/jacob/Documents/build/pico-sdk/src/rp2_common/pico_double/double_v1_rom_shim.S.obj
                0x00000000100058c4                double_table_shim_on_use_helper
 .text.__wrap___aeabi_dsub
                0x00000000100058f0       0x10 CMakeFiles/midi_firmware.dir/home/jacob/Documents/build/pico-sdk/src/rp2_common/pico_double/double_v1_rom_shim.S.obj
                0x00000000100058f0                drsub_shim
                0x00000000100058f6                dsub_shim
 .text.dadd_shim
                0x0000000010005900      0x15c CMakeFiles/midi_firmware.dir/home/jacob/Documents/build/pico-sdk/src/rp2_common/pico_double/double_v1_rom_shim.S.obj
                0x0000000010005900                dadd_shim
 .text.dmul_shim
                0x0000000010005a5c      0x15c CMakeFiles/midi_firmware.dir/home/jacob/Documents/build/pico-sdk/src/rp2_common/pico_double/double_v1_rom_shim.S.obj
                0x0000000010005a5c                dmul_shim
 .text.ddiv_shim
                0x0000000010005bb8      0x1b0 CMakeFiles/midi_firmware.dir/home/jacob/Documents/build/pico-sdk/src/rp2_common/pico_double/double_v1_rom_shim.S.obj
                0x0000000010005bb8                ddiv_shim
 .text.double2uint_shim
                0x0000000010005d68        0xe CMakeFiles/midi_firmware.dir/home/jacob/Documents/build/pico-sdk/src/rp2_common/pico_double/double_v1_rom_shim.S.obj
                0x0000000010005d68                double2uint_shim
                0x0000000010005d6a                double2ufix_shim
 *fill*         0x0000000010005d76        0x2 
 .text.double2uint64_shim
                0x0000000010005d78       0x70 CMakeFiles/midi_firmware.dir/home/jacob/Documents/build/pico-sdk/src/rp2_common/pico_double/double_v1_rom_shim.S.obj
                0x0000000010005d78                double2uint64_shim
                0x0000000010005d7a                double2ufix64_shim
                0x0000000010005d9a                d2fix_a
 .text.x2double_shims
                0x0000000010005de8       0x90 CMakeFiles/midi_firmware.dir/home/jacob/Documents/build/pico-sdk/src/rp2_common/pico_double/double_v1_rom_shim.S.obj
                0x0000000010005de8                uint2double_shim
                0x0000000010005dea                ufix2double_shim
                0x0000000010005df0                int2double_shim
                0x0000000010005df2                fix2double_shim
                0x0000000010005df8                uint642double_shim
                0x0000000010005dfa                ufix642double_shim
                0x0000000010005e00                int642double_shim
                0x0000000010005e02                fix642double_shim
 .text.dunpacks
                0x0000000010005e78       0x3c CMakeFiles/midi_firmware.dir/home/jacob/Documents/build/pico-sdk/src/rp2_common/pico_double/double_v1_rom_shim.S.obj
                0x0000000010005e78                dunpacks
 .text.__aeabi_lmul
                0x0000000010005eb4       0x32 CMakeFiles/midi_firmware.dir/home/jacob/Documents/build/pico-sdk/src/rp2_common/pico_int64_ops/pico_int64_ops_aeabi.S.obj
                0x0000000010005eb4                __wrap___aeabi_lmul
 .text.__wrap___aeabi_ui2f
                0x0000000010005ee6        0xa CMakeFiles/midi_firmware.dir/home/jacob/Documents/build/pico-sdk/src/rp2_common/pico_float/float_aeabi.S.obj
                0x0000000010005ee6                __wrap___aeabi_ui2f
 .text.__wrap___aeabi_i2f
                0x0000000010005ef0       0x44 CMakeFiles/midi_firmware.dir/home/jacob/Documents/build/pico-sdk/src/rp2_common/pico_float/float_aeabi.S.obj
                0x0000000010005ef0                __wrap___aeabi_i2f
 .text.__wrap___aeabi_ul2f
                0x0000000010005f34       0x20 CMakeFiles/midi_firmware.dir/home/jacob/Documents/build/pico-sdk/src/rp2_common/pico_float/float_aeabi.S.obj
                0x0000000010005f38                __wrap___aeabi_ul2f
 .text.__wrap___aeabi_f2d
                0x0000000010005f54       0x14 CMakeFiles/midi_firmware.dir/home/jacob/Documents/build/pico-sdk/src/rp2_common/pico_float/float_aeabi.S.obj
                0x0000000010005f54                __wrap___aeabi_f2d
 .text.__aeabi_float_init
                0x0000000010005f68       0x64 CMakeFiles/midi_firmware.dir/home/jacob/Documents/build/pico-sdk/src/rp2_common/pico_float/float_init_rom.c.obj
                0x0000000010005f68                __aeabi_float_init
 .text.float_table_shim_on_use_helper
                0x0000000010005fcc       0x2c CMakeFiles/midi_firmware.dir/home/jacob/Documents/build/pico-sdk/src/rp2_common/pico_float/float_v1_rom_shim.S.obj
                0x0000000010005fcc                float_table_shim_on_use_helper
 .text.642float_shims
                0x0000000010005ff8       0x44 CMakeFiles/midi_firmware.dir/home/jacob/Documents/build/pico-sdk/src/rp2_common/pico_float/float_v1_rom_shim.S.obj
                0x0000000010005ff8                uint642float_shim
                0x0000000010005ffa                ufix642float_shim
                0x000000001000600a                int642float_shim
                0x000000001000600c                fix642float_shim
 .text.float2double_shim
                0x000000001000603c       0x30 CMakeFiles/midi_firmware.dir/home/jacob/Documents/build/pico-sdk/src/rp2_common/pico_float/float_v1_rom_shim.S.obj
                0x000000001000603c                float2double_shim
 .text.__wrap_malloc
                0x000000001000606c       0x3c CMakeFiles/midi_firmware.dir/home/jacob/Documents/build/pico-sdk/src/rp2_common/pico_malloc/pico_malloc.c.obj
                0x000000001000606c                __wrap_malloc
 .text.__wrap_calloc
                0x00000000100060a8       0x40 CMakeFiles/midi_firmware.dir/home/jacob/Documents/build/pico-sdk/src/rp2_common/pico_malloc/pico_malloc.c.obj
                0x00000000100060a8                __wrap_calloc
 .text          0x00000000100060e8       0x10 CMakeFiles/midi_firmware.dir/home/jacob/Documents/build/pico-sdk/src/rp2_common/pico_mem_ops/mem_ops_aeabi.S.obj
                0x00000000100060e8                __aeabi_mem_init
 .text.memset   0x00000000100060f8        0xc CMakeFiles/midi_firmware.dir/home/jacob/Documents/build/pico-sdk/src/rp2_common/pico_mem_ops/mem_ops_aeabi.S.obj
                0x00000000100060f8                __wrap_memset
 .text.memcpy   0x0000000010006104        0xc CMakeFiles/midi_firmware.dir/home/jacob/Documents/build/pico-sdk/src/rp2_common/pico_mem_ops/mem_ops_aeabi.S.obj
                0x0000000010006104                __wrap___aeabi_memcpy
                0x0000000010006104                __wrap_memcpy
 .text.stdio_out_chars_crlf
                0x0000000010006110       0x94 CMakeFiles/midi_firmware.dir/home/jacob/Documents/build/pico-sdk/src/rp2_common/pico_stdio/stdio.c.obj
 .text.stdio_buffered_printer
                0x00000000100061a4       0x64 CMakeFiles/midi_firmware.dir/home/jacob/Documents/build/pico-sdk/src/rp2_common/pico_stdio/stdio.c.obj
 .text.__wrap_putchar
                0x0000000010006208       0xa4 CMakeFiles/midi_firmware.dir/home/jacob/Documents/build/pico-sdk/src/rp2_common/pico_stdio/stdio.c.obj
                0x0000000010006208                __wrap_putchar
 .text.__wrap_puts
                0x00000000100062ac       0xe8 CMakeFiles/midi_firmware.dir/home/jacob/Documents/build/pico-sdk/src/rp2_common/pico_stdio/stdio.c.obj
                0x00000000100062ac                __wrap_puts
 .text.stdio_set_driver_enabled
                0x0000000010006394       0x3c CMakeFiles/midi_firmware.dir/home/jacob/Documents/build/pico-sdk/src/rp2_common/pico_stdio/stdio.c.obj
                0x0000000010006394                stdio_set_driver_enabled
 .text.__wrap_vprintf
                0x00000000100063d0       0xd4 CMakeFiles/midi_firmware.dir/home/jacob/Documents/build/pico-sdk/src/rp2_common/pico_stdio/stdio.c.obj
                0x00000000100063d0                __wrap_vprintf
 .text.__wrap_printf
                0x00000000100064a4       0x18 CMakeFiles/midi_firmware.dir/home/jacob/Documents/build/pico-sdk/src/rp2_common/pico_stdio/stdio.c.obj
                0x00000000100064a4                __wrap_printf
 .text.stdio_init_all
                0x00000000100064bc        0x8 CMakeFiles/midi_firmware.dir/home/jacob/Documents/build/pico-sdk/src/rp2_common/pico_stdio/stdio.c.obj
                0x00000000100064bc                stdio_init_all
 .text.stdio_uart_out_chars
                0x00000000100064c4       0x4c CMakeFiles/midi_firmware.dir/home/jacob/Documents/build/pico-sdk/src/rp2_common/pico_stdio_uart/stdio_uart.c.obj
 .text.stdio_uart_in_chars
                0x0000000010006510       0x38 CMakeFiles/midi_firmware.dir/home/jacob/Documents/build/pico-sdk/src/rp2_common/pico_stdio_uart/stdio_uart.c.obj
                0x0000000010006510                stdio_uart_in_chars
 .text.stdio_uart_init
                0x0000000010006548       0x48 CMakeFiles/midi_firmware.dir/home/jacob/Documents/build/pico-sdk/src/rp2_common/pico_stdio_uart/stdio_uart.c.obj
                0x0000000010006548                stdio_uart_init
 .text.core1_trampoline
                0x0000000010006590        0x4 CMakeFiles/midi_firmware.dir/home/jacob/Documents/build/pico-sdk/src/rp2_common/pico_multicore/multicore.c.obj
 .text.core1_wrapper
                0x0000000010006594        0xc CMakeFiles/midi_firmware.dir/home/jacob/Documents/build/pico-sdk/src/rp2_common/pico_multicore/multicore.c.obj
                0x0000000010006594                core1_wrapper
 .text.multicore_launch_core1_raw
                0x00000000100065a0       0x84 CMakeFiles/midi_firmware.dir/home/jacob/Documents/build/pico-sdk/src/rp2_common/pico_multicore/multicore.c.obj
                0x00000000100065a0                multicore_launch_core1_raw
 .text.multicore_launch_core1
                0x0000000010006624       0x58 CMakeFiles/midi_firmware.dir/home/jacob/Documents/build/pico-sdk/src/rp2_common/pico_multicore/multicore.c.obj
                0x0000000010006624                multicore_launch_core1
 .text.dcd_rp2040_irq
                0x000000001000667c      0x1d0 CMakeFiles/midi_firmware.dir/home/jacob/Documents/build/pico-sdk/lib/tinyusb/src/portable/raspberrypi/rp2040/dcd_rp2040.c.obj
 .text.dcd_int_enable
                0x000000001000684c        0xc CMakeFiles/midi_firmware.dir/home/jacob/Documents/build/pico-sdk/lib/tinyusb/src/portable/raspberrypi/rp2040/dcd_rp2040.c.obj
                0x000000001000684c                dcd_int_enable
 .text.dcd_set_address
                0x0000000010006858       0x14 CMakeFiles/midi_firmware.dir/home/jacob/Documents/build/pico-sdk/lib/tinyusb/src/portable/raspberrypi/rp2040/dcd_rp2040.c.obj
                0x0000000010006858                dcd_set_address
 .text.dcd_connect
                0x000000001000686c       0x10 CMakeFiles/midi_firmware.dir/home/jacob/Documents/build/pico-sdk/lib/tinyusb/src/portable/raspberrypi/rp2040/dcd_rp2040.c.obj
                0x000000001000686c                dcd_connect
 .text.dcd_init
                0x000000001000687c       0xf0 CMakeFiles/midi_firmware.dir/home/jacob/Documents/build/pico-sdk/lib/tinyusb/src/portable/raspberrypi/rp2040/dcd_rp2040.c.obj
                0x000000001000687c                dcd_init
 .text.dcd_edpt0_status_complete
                0x000000001000696c       0x1c CMakeFiles/midi_firmware.dir/home/jacob/Documents/build/pico-sdk/lib/tinyusb/src/portable/raspberrypi/rp2040/dcd_rp2040.c.obj
                0x000000001000696c                dcd_edpt0_status_complete
 .text.dcd_edpt_open
                0x0000000010006988       0xf0 CMakeFiles/midi_firmware.dir/home/jacob/Documents/build/pico-sdk/lib/tinyusb/src/portable/raspberrypi/rp2040/dcd_rp2040.c.obj
                0x0000000010006988                dcd_edpt_open
 .text.dcd_edpt_close_all
                0x0000000010006a78       0x68 CMakeFiles/midi_firmware.dir/home/jacob/Documents/build/pico-sdk/lib/tinyusb/src/portable/raspberrypi/rp2040/dcd_rp2040.c.obj
                0x0000000010006a78                dcd_edpt_close_all
 .text.dcd_edpt_xfer
                0x0000000010006ae0       0x24 CMakeFiles/midi_firmware.dir/home/jacob/Documents/build/pico-sdk/lib/tinyusb/src/portable/raspberrypi/rp2040/dcd_rp2040.c.obj
                0x0000000010006ae0                dcd_edpt_xfer
 .text.dcd_edpt_stall
                0x0000000010006b04       0x34 CMakeFiles/midi_firmware.dir/home/jacob/Documents/build/pico-sdk/lib/tinyusb/src/portable/raspberrypi/rp2040/dcd_rp2040.c.obj
                0x0000000010006b04                dcd_edpt_stall
 .text.dcd_edpt_clear_stall
                0x0000000010006b38       0x30 CMakeFiles/midi_firmware.dir/home/jacob/Documents/build/pico-sdk/lib/tinyusb/src/portable/raspberrypi/rp2040/dcd_rp2040.c.obj
                0x0000000010006b38                dcd_edpt_clear_stall
 .text._hw_endpoint_buffer_control_update32.part.0.isra.0
                0x0000000010006b68       0x1c CMakeFiles/midi_firmware.dir/home/jacob/Documents/build/pico-sdk/lib/tinyusb/src/portable/raspberrypi/rp2040/rp2040_usb.c.obj
 .text.rp2040_usb_init
                0x0000000010006b84       0x4c CMakeFiles/midi_firmware.dir/home/jacob/Documents/build/pico-sdk/lib/tinyusb/src/portable/raspberrypi/rp2040/rp2040_usb.c.obj
                0x0000000010006b84                rp2040_usb_init
 .text.hw_endpoint_reset_transfer
                0x0000000010006bd0        0xc CMakeFiles/midi_firmware.dir/home/jacob/Documents/build/pico-sdk/lib/tinyusb/src/portable/raspberrypi/rp2040/rp2040_usb.c.obj
                0x0000000010006bd0                hw_endpoint_reset_transfer
 .text._hw_endpoint_buffer_control_update32
                0x0000000010006bdc       0x44 CMakeFiles/midi_firmware.dir/home/jacob/Documents/build/pico-sdk/lib/tinyusb/src/portable/raspberrypi/rp2040/rp2040_usb.c.obj
                0x0000000010006bdc                _hw_endpoint_buffer_control_update32
 .text.hw_endpoint_xfer_start
                0x0000000010006c20      0x138 CMakeFiles/midi_firmware.dir/home/jacob/Documents/build/pico-sdk/lib/tinyusb/src/portable/raspberrypi/rp2040/rp2040_usb.c.obj
                0x0000000010006c20                hw_endpoint_xfer_start
 .text.hw_endpoint_xfer_continue
                0x0000000010006d58      0x1d8 CMakeFiles/midi_firmware.dir/home/jacob/Documents/build/pico-sdk/lib/tinyusb/src/portable/raspberrypi/rp2040/rp2040_usb.c.obj
                0x0000000010006d58                hw_endpoint_xfer_continue
 .text.tud_inited
                0x0000000010006f30        0xc CMakeFiles/midi_firmware.dir/home/jacob/Documents/build/pico-sdk/lib/tinyusb/src/device/usbd.c.obj
                0x0000000010006f30                tud_inited
 .text.tud_init
                0x0000000010006f3c       0xe0 CMakeFiles/midi_firmware.dir/home/jacob/Documents/build/pico-sdk/lib/tinyusb/src/device/usbd.c.obj
                0x0000000010006f3c                tud_init
 .text.tud_task
                0x000000001000701c      0x8f0 CMakeFiles/midi_firmware.dir/home/jacob/Documents/build/pico-sdk/lib/tinyusb/src/device/usbd.c.obj
                0x000000001000701c                tud_task
 .text.dcd_event_bus_signal
                0x000000001000790c      0x124 CMakeFiles/midi_firmware.dir/home/jacob/Documents/build/pico-sdk/lib/tinyusb/src/device/usbd.c.obj
                0x000000001000790c                dcd_event_bus_signal
 .text.dcd_event_bus_reset
                0x0000000010007a30       0x58 CMakeFiles/midi_firmware.dir/home/jacob/Documents/build/pico-sdk/lib/tinyusb/src/device/usbd.c.obj
                0x0000000010007a30                dcd_event_bus_reset
 .text.dcd_event_setup_received
                0x0000000010007a88       0x50 CMakeFiles/midi_firmware.dir/home/jacob/Documents/build/pico-sdk/lib/tinyusb/src/device/usbd.c.obj
                0x0000000010007a88                dcd_event_setup_received
 .text.dcd_event_xfer_complete
                0x0000000010007ad8       0x68 CMakeFiles/midi_firmware.dir/home/jacob/Documents/build/pico-sdk/lib/tinyusb/src/device/usbd.c.obj
                0x0000000010007ad8                dcd_event_xfer_complete
 .text.usbd_edpt_open
                0x0000000010007b40       0x30 CMakeFiles/midi_firmware.dir/home/jacob/Documents/build/pico-sdk/lib/tinyusb/src/device/usbd.c.obj
                0x0000000010007b40                usbd_edpt_open
 .text.usbd_edpt_claim
                0x0000000010007b70       0x64 CMakeFiles/midi_firmware.dir/home/jacob/Documents/build/pico-sdk/lib/tinyusb/src/device/usbd.c.obj
                0x0000000010007b70                usbd_edpt_claim
 .text.usbd_edpt_release
                0x0000000010007bd4       0x4c CMakeFiles/midi_firmware.dir/home/jacob/Documents/build/pico-sdk/lib/tinyusb/src/device/usbd.c.obj
                0x0000000010007bd4                usbd_edpt_release
 .text.usbd_edpt_xfer
                0x0000000010007c20       0x44 CMakeFiles/midi_firmware.dir/home/jacob/Documents/build/pico-sdk/lib/tinyusb/src/device/usbd.c.obj
                0x0000000010007c20                usbd_edpt_xfer
 .text.tud_control_status
                0x0000000010007c64       0x2c CMakeFiles/midi_firmware.dir/home/jacob/Documents/build/pico-sdk/lib/tinyusb/src/device/usbd_control.c.obj
                0x0000000010007c64                tud_control_status
 .text.tud_control_xfer
                0x0000000010007c90       0xac CMakeFiles/midi_firmware.dir/home/jacob/Documents/build/pico-sdk/lib/tinyusb/src/device/usbd_control.c.obj
                0x0000000010007c90                tud_control_xfer
 .text.usbd_control_reset
                0x0000000010007d3c       0x14 CMakeFiles/midi_firmware.dir/home/jacob/Documents/build/pico-sdk/lib/tinyusb/src/device/usbd_control.c.obj
                0x0000000010007d3c                usbd_control_reset
 .text.usbd_control_set_complete_callback
                0x0000000010007d50        0xc CMakeFiles/midi_firmware.dir/home/jacob/Documents/build/pico-sdk/lib/tinyusb/src/device/usbd_control.c.obj
                0x0000000010007d50                usbd_control_set_complete_callback
 .text.usbd_control_set_request
                0x0000000010007d5c       0x1c CMakeFiles/midi_firmware.dir/home/jacob/Documents/build/pico-sdk/lib/tinyusb/src/device/usbd_control.c.obj
                0x0000000010007d5c                usbd_control_set_request
 .text.usbd_control_xfer_cb
                0x0000000010007d78       0xf4 CMakeFiles/midi_firmware.dir/home/jacob/Documents/build/pico-sdk/lib/tinyusb/src/device/usbd_control.c.obj
                0x0000000010007d78                usbd_control_xfer_cb
 .text.tud_midi_n_available
                0x0000000010007e6c       0x24 CMakeFiles/midi_firmware.dir/home/jacob/Documents/build/pico-sdk/lib/tinyusb/src/class/midi/midi_device.c.obj
                0x0000000010007e6c                tud_midi_n_available
 .text.tud_midi_n_packet_read
                0x0000000010007e90       0x78 CMakeFiles/midi_firmware.dir/home/jacob/Documents/build/pico-sdk/lib/tinyusb/src/class/midi/midi_device.c.obj
                0x0000000010007e90                tud_midi_n_packet_read
 .text.tud_midi_n_stream_write
                0x0000000010007f08      0x1c8 CMakeFiles/midi_firmware.dir/home/jacob/Documents/build/pico-sdk/lib/tinyusb/src/class/midi/midi_device.c.obj
                0x0000000010007f08                tud_midi_n_stream_write
 .text.midid_init
                0x00000000100080d0       0x5c CMakeFiles/midi_firmware.dir/home/jacob/Documents/build/pico-sdk/lib/tinyusb/src/class/midi/midi_device.c.obj
                0x00000000100080d0                midid_init
 .text.midid_reset
                0x000000001000812c       0x24 CMakeFiles/midi_firmware.dir/home/jacob/Documents/build/pico-sdk/lib/tinyusb/src/class/midi/midi_device.c.obj
                0x000000001000812c                midid_reset
 .text.midid_open
                0x0000000010008150      0x134 CMakeFiles/midi_firmware.dir/home/jacob/Documents/build/pico-sdk/lib/tinyusb/src/class/midi/midi_device.c.obj
                0x0000000010008150                midid_open
 .text.midid_control_xfer_cb
                0x0000000010008284        0x4 CMakeFiles/midi_firmware.dir/home/jacob/Documents/build/pico-sdk/lib/tinyusb/src/class/midi/midi_device.c.obj
                0x0000000010008284                midid_control_xfer_cb
 .text.midid_xfer_cb
                0x0000000010008288      0x110 CMakeFiles/midi_firmware.dir/home/jacob/Documents/build/pico-sdk/lib/tinyusb/src/class/midi/midi_device.c.obj
                0x0000000010008288                midid_xfer_cb
 .text.tusb_init
                0x0000000010008398        0xc CMakeFiles/midi_firmware.dir/home/jacob/Documents/build/pico-sdk/lib/tinyusb/src/tusb.c.obj
                0x0000000010008398                tusb_init
 .text.tusb_inited
                0x00000000100083a4        0x8 CMakeFiles/midi_firmware.dir/home/jacob/Documents/build/pico-sdk/lib/tinyusb/src/tusb.c.obj
                0x00000000100083a4                tusb_inited
 .text.tu_edpt_validate
                0x00000000100083ac       0x80 CMakeFiles/midi_firmware.dir/home/jacob/Documents/build/pico-sdk/lib/tinyusb/src/tusb.c.obj
                0x00000000100083ac                tu_edpt_validate
 .text.tu_edpt_bind_driver
                0x000000001000842c       0x2c CMakeFiles/midi_firmware.dir/home/jacob/Documents/build/pico-sdk/lib/tinyusb/src/tusb.c.obj
                0x000000001000842c                tu_edpt_bind_driver
 .text.tu_fifo_config
                0x0000000010008458       0x74 CMakeFiles/midi_firmware.dir/home/jacob/Documents/build/pico-sdk/lib/tinyusb/src/common/tusb_fifo.c.obj
                0x0000000010008458                tu_fifo_config
 .text.tu_fifo_count
                0x00000000100084cc       0x20 CMakeFiles/midi_firmware.dir/home/jacob/Documents/build/pico-sdk/lib/tinyusb/src/common/tusb_fifo.c.obj
                0x00000000100084cc                tu_fifo_count
 .text.tu_fifo_remaining
                0x00000000100084ec       0x1c CMakeFiles/midi_firmware.dir/home/jacob/Documents/build/pico-sdk/lib/tinyusb/src/common/tusb_fifo.c.obj
                0x00000000100084ec                tu_fifo_remaining
 .text.tu_fifo_read
                0x0000000010008508       0xa4 CMakeFiles/midi_firmware.dir/home/jacob/Documents/build/pico-sdk/lib/tinyusb/src/common/tusb_fifo.c.obj
                0x0000000010008508                tu_fifo_read
 .text.tu_fifo_read_n
                0x00000000100085ac      0x100 CMakeFiles/midi_firmware.dir/home/jacob/Documents/build/pico-sdk/lib/tinyusb/src/common/tusb_fifo.c.obj
                0x00000000100085ac                tu_fifo_read_n
 .text.tu_fifo_write
                0x00000000100086ac       0x78 CMakeFiles/midi_firmware.dir/home/jacob/Documents/build/pico-sdk/lib/tinyusb/src/common/tusb_fifo.c.obj
                0x00000000100086ac                tu_fifo_write
 .text.tu_fifo_write_n
                0x0000000010008724       0xfc CMakeFiles/midi_firmware.dir/home/jacob/Documents/build/pico-sdk/lib/tinyusb/src/common/tusb_fifo.c.obj
                0x0000000010008724                tu_fifo_write_n
 .text.tu_fifo_clear
                0x0000000010008820       0x4c CMakeFiles/midi_firmware.dir/home/jacob/Documents/build/pico-sdk/lib/tinyusb/src/common/tusb_fifo.c.obj
                0x0000000010008820                tu_fifo_clear
 .text.spi_init
                0x000000001000886c       0xf0 CMakeFiles/midi_firmware.dir/home/jacob/Documents/build/pico-sdk/src/rp2_common/hardware_spi/spi.c.obj
                0x000000001000886c                spi_init
 .text.atexit   0x000000001000895c       0x10 /usr/lib/gcc/arm-none-eabi/12.2.0/../../../../arm-none-eabi/lib/thumb/v6-m/nofp/libc.a(lib_a-atexit.o)
                0x000000001000895c                atexit
 .text.calloc   0x000000001000896c       0x18 /usr/lib/gcc/arm-none-eabi/12.2.0/../../../../arm-none-eabi/lib/thumb/v6-m/nofp/libc.a(lib_a-calloc.o)
                0x000000001000896c                calloc
 .text._calloc_r
                0x0000000010008984       0x9c /usr/lib/gcc/arm-none-eabi/12.2.0/../../../../arm-none-eabi/lib/thumb/v6-m/nofp/libc.a(lib_a-callocr.o)
                0x0000000010008984                _calloc_r
 .text.__errno  0x0000000010008a20        0xc /usr/lib/gcc/arm-none-eabi/12.2.0/../../../../arm-none-eabi/lib/thumb/v6-m/nofp/libc.a(lib_a-errno.o)
                0x0000000010008a20                __errno
 .text.__libc_fini_array
                0x0000000010008a2c       0x28 /usr/lib/gcc/arm-none-eabi/12.2.0/../../../../arm-none-eabi/lib/thumb/v6-m/nofp/libc.a(lib_a-fini.o)
                0x0000000010008a2c                __libc_fini_array
 .text.malloc   0x0000000010008a54       0x14 /usr/lib/gcc/arm-none-eabi/12.2.0/../../../../arm-none-eabi/lib/thumb/v6-m/nofp/libc.a(lib_a-malloc.o)
                0x0000000010008a54                malloc
 .text._malloc_r
                0x0000000010008a68      0x574 /usr/lib/gcc/arm-none-eabi/12.2.0/../../../../arm-none-eabi/lib/thumb/v6-m/nofp/libc.a(lib_a-mallocr.o)
                0x0000000010008a68                _malloc_r
 .text.__malloc_lock
                0x0000000010008fdc       0x10 /usr/lib/gcc/arm-none-eabi/12.2.0/../../../../arm-none-eabi/lib/thumb/v6-m/nofp/libc.a(lib_a-mlock.o)
                0x0000000010008fdc                __malloc_lock
 .text.__malloc_unlock
                0x0000000010008fec       0x10 /usr/lib/gcc/arm-none-eabi/12.2.0/../../../../arm-none-eabi/lib/thumb/v6-m/nofp/libc.a(lib_a-mlock.o)
                0x0000000010008fec                __malloc_unlock
 .text._sbrk_r  0x0000000010008ffc       0x24 /usr/lib/gcc/arm-none-eabi/12.2.0/../../../../arm-none-eabi/lib/thumb/v6-m/nofp/libc.a(lib_a-sbrkr.o)
                0x0000000010008ffc                _sbrk_r
 .text.strlen   0x0000000010009020       0x5c /usr/lib/gcc/arm-none-eabi/12.2.0/../../../../arm-none-eabi/lib/thumb/v6-m/nofp/libc.a(lib_a-strlen-stub.o)
                0x0000000010009020                strlen
 .text.__register_exitproc
                0x000000001000907c       0xac /usr/lib/gcc/arm-none-eabi/12.2.0/../../../../arm-none-eabi/lib/thumb/v6-m/nofp/libc.a(lib_a-__atexit.o)
                0x000000001000907c                __register_exitproc
 .text.startup.register_fini
                0x0000000010009128       0x18 /usr/lib/gcc/arm-none-eabi/12.2.0/../../../../arm-none-eabi/lib/thumb/v6-m/nofp/libc.a(lib_a-__call_atexit.o)
 .text._malloc_trim_r
                0x0000000010009140       0x9c /usr/lib/gcc/arm-none-eabi/12.2.0/../../../../arm-none-eabi/lib/thumb/v6-m/nofp/libc.a(lib_a-freer.o)
                0x0000000010009140                _malloc_trim_r
 .text._free_r  0x00000000100091dc      0x1d4 /usr/lib/gcc/arm-none-eabi/12.2.0/../../../../arm-none-eabi/lib/thumb/v6-m/nofp/libc.a(lib_a-freer.o)
                0x00000000100091dc                _free_r
 .text.__retarget_lock_acquire_recursive
                0x00000000100093b0        0x4 /usr/lib/gcc/arm-none-eabi/12.2.0/../../../../arm-none-eabi/lib/thumb/v6-m/nofp/libc.a(lib_a-lock.o)
                0x00000000100093b0                __retarget_lock_acquire_recursive
 .text.__retarget_lock_release_recursive
                0x00000000100093b4        0x4 /usr/lib/gcc/arm-none-eabi/12.2.0/../../../../arm-none-eabi/lib/thumb/v6-m/nofp/libc.a(lib_a-lock.o)
                0x00000000100093b4                __retarget_lock_release_recursive
 *(.fini)
 .fini          0x00000000100093b8        0x4 /usr/lib/gcc/arm-none-eabi/12.2.0/thumb/v6-m/nofp/crti.o
                0x00000000100093b8                _fini
 *fill*         0x00000000100093bc        0x4 
 .fini.__stub   0x00000000100093c0       0x90 linker stubs
 *crtbegin.o(.ctors)
 *crtbegin?.o(.ctors)
 *(EXCLUDE_FILE(*crtend.o *crtend?.o) .ctors)
 *(SORT_BY_NAME(.ctors.*))
 *(.ctors)
 *crtbegin.o(.dtors)
 *crtbegin?.o(.dtors)
 *(EXCLUDE_FILE(*crtend.o *crtend?.o) .dtors)
 *(SORT_BY_NAME(.dtors.*))
 *(.dtors)
 *(.eh_frame*)
 .eh_frame      0x0000000010009450        0x0 /usr/lib/gcc/arm-none-eabi/12.2.0/thumb/v6-m/nofp/crtbegin.o
                0x0000000010009450                . = ALIGN (0x4)

.glue_7         0x0000000010009450        0x0
 .glue_7        0x0000000010009450        0x0 linker stubs

.glue_7t        0x0000000010009450        0x0
 .glue_7t       0x0000000010009450        0x0 linker stubs

.vfp11_veneer   0x0000000010009450        0x0
 .vfp11_veneer  0x0000000010009450        0x0 linker stubs

.v4_bx          0x0000000010009450        0x0
 .v4_bx         0x0000000010009450        0x0 linker stubs

.iplt           0x0000000010009450        0x0
 .iplt          0x0000000010009450        0x0 /usr/lib/gcc/arm-none-eabi/12.2.0/thumb/v6-m/nofp/crtbegin.o

.rodata         0x0000000010009450      0xc2c
 *(EXCLUDE_FILE(*libm.a: *libc.a:*lib_a-mem*.o *libgcc.a:) .rodata*)
 .rodata.core1_main.str1.4
                0x0000000010009450       0xa5 CMakeFiles/midi_firmware.dir/main.c.obj
 *fill*         0x00000000100094f5        0x3 
 .rodata.keyboard_task.str1.4
                0x00000000100094f8       0x27 CMakeFiles/midi_firmware.dir/main.c.obj
 *fill*         0x000000001000951f        0x1 
 .rodata.main.str1.4
                0x0000000010009520       0x38 CMakeFiles/midi_firmware.dir/main.c.obj
 .rodata.str1.4
                0x0000000010009558       0x1f CMakeFiles/midi_firmware.dir/usb_descriptors.c.obj
 *fill*         0x0000000010009577        0x1 
 .rodata.__compound_literal.0
                0x0000000010009578        0x2 CMakeFiles/midi_firmware.dir/usb_descriptors.c.obj
 *fill*         0x000000001000957a        0x2 
 .rodata.desc_fs_configuration
                0x000000001000957c       0x65 CMakeFiles/midi_firmware.dir/usb_descriptors.c.obj
                0x000000001000957c                desc_fs_configuration
 *fill*         0x00000000100095e1        0x3 
 .rodata.desc_device
                0x00000000100095e4       0x12 CMakeFiles/midi_firmware.dir/usb_descriptors.c.obj
                0x00000000100095e4                desc_device
 *fill*         0x00000000100095f6        0x2 
 .rodata.init_adc.str1.4
                0x00000000100095f8        0xf CMakeFiles/midi_firmware.dir/adc.c.obj
 *fill*         0x0000000010009607        0x1 
 .rodata.gpio_callback.str1.4
                0x0000000010009608       0x76 CMakeFiles/midi_firmware.dir/gpio.c.obj
 *fill*         0x000000001000967e        0x2 
 .rodata.pin_init.str1.4
                0x0000000010009680       0x54 CMakeFiles/midi_firmware.dir/gpio.c.obj
 .rodata.str1.4
                0x00000000100096d4       0x2e CMakeFiles/midi_firmware.dir/gpio.c.obj
 *fill*         0x0000000010009702        0x2 
 .rodata.gpio_irq_str
                0x0000000010009704       0x10 CMakeFiles/midi_firmware.dir/gpio.c.obj
 .rodata.init_disp.str1.4
                0x0000000010009714       0x25 CMakeFiles/midi_firmware.dir/display.c.obj
 *fill*         0x0000000010009739        0x3 
 .rodata.font   0x000000001000973c      0x500 CMakeFiles/midi_firmware.dir/display.c.obj
                0x000000001000973c                font
 .rodata.spin_lock_claim_unused.str1.4
                0x0000000010009c3c       0x1b CMakeFiles/midi_firmware.dir/home/jacob/Documents/build/pico-sdk/src/rp2_common/hardware_sync/sync.c.obj
 *fill*         0x0000000010009c57        0x1 
 .rodata.hardware_alarm_claim.str1.4
                0x0000000010009c58       0x22 CMakeFiles/midi_firmware.dir/home/jacob/Documents/build/pico-sdk/src/rp2_common/hardware_timer/timer.c.obj
 *fill*         0x0000000010009c7a        0x2 
 .rodata.panic.str1.4
                0x0000000010009c7c       0x10 CMakeFiles/midi_firmware.dir/home/jacob/Documents/build/pico-sdk/src/rp2_common/pico_runtime/runtime.c.obj
                                         0x12 (size before relaxing)
 .rodata.hard_assertion_failure.str1.4
                0x0000000010009c8c        0xc CMakeFiles/midi_firmware.dir/home/jacob/Documents/build/pico-sdk/src/rp2_common/pico_runtime/runtime.c.obj
 .rodata._ftoa.str1.4
                0x0000000010009c98       0x15 CMakeFiles/midi_firmware.dir/home/jacob/Documents/build/pico-sdk/src/rp2_common/pico_printf/printf.c.obj
 *fill*         0x0000000010009cad        0x3 
 .rodata._vsnprintf
                0x0000000010009cb0      0x19c CMakeFiles/midi_firmware.dir/home/jacob/Documents/build/pico-sdk/src/rp2_common/pico_printf/printf.c.obj
 *fill*         0x0000000010009e4c        0x4 
 .rodata.pow10.0
                0x0000000010009e50       0x50 CMakeFiles/midi_firmware.dir/home/jacob/Documents/build/pico-sdk/src/rp2_common/pico_printf/printf.c.obj
 .rodata.__wrap_malloc.str1.4
                0x0000000010009ea0        0xe CMakeFiles/midi_firmware.dir/home/jacob/Documents/build/pico-sdk/src/rp2_common/pico_malloc/pico_malloc.c.obj
 *fill*         0x0000000010009eae        0x2 
 .rodata.str1.4
                0x0000000010009eb0       0x44 CMakeFiles/midi_firmware.dir/home/jacob/Documents/build/pico-sdk/src/rp2_common/pico_standard_link/binary_info.c.obj
 .rodata.__bi_81
                0x0000000010009ef4        0xc CMakeFiles/midi_firmware.dir/home/jacob/Documents/build/pico-sdk/src/rp2_common/pico_standard_link/binary_info.c.obj
 .rodata.__bi_75
                0x0000000010009f00        0xc CMakeFiles/midi_firmware.dir/home/jacob/Documents/build/pico-sdk/src/rp2_common/pico_standard_link/binary_info.c.obj
 .rodata.__bi_44
                0x0000000010009f0c        0xc CMakeFiles/midi_firmware.dir/home/jacob/Documents/build/pico-sdk/src/rp2_common/pico_standard_link/binary_info.c.obj
 .rodata.crlf_str.0
                0x0000000010009f18        0x2 CMakeFiles/midi_firmware.dir/home/jacob/Documents/build/pico-sdk/src/rp2_common/pico_stdio/stdio.c.obj
 *fill*         0x0000000010009f1a        0x2 
 .rodata.str1.4
                0x0000000010009f1c       0x2c CMakeFiles/midi_firmware.dir/home/jacob/Documents/build/pico-sdk/src/rp2_common/pico_stdio_uart/stdio_uart.c.obj
 .rodata.__bi_28.4
                0x0000000010009f48        0xc CMakeFiles/midi_firmware.dir/home/jacob/Documents/build/pico-sdk/src/rp2_common/pico_stdio_uart/stdio_uart.c.obj
 .rodata.__bi_29.5
                0x0000000010009f54        0x8 CMakeFiles/midi_firmware.dir/home/jacob/Documents/build/pico-sdk/src/rp2_common/pico_stdio_uart/stdio_uart.c.obj
 .rodata.dcd_rp2040_irq.str1.4
                0x0000000010009f5c       0x14 CMakeFiles/midi_firmware.dir/home/jacob/Documents/build/pico-sdk/lib/tinyusb/src/portable/raspberrypi/rp2040/dcd_rp2040.c.obj
 .rodata._hw_endpoint_buffer_control_update32.part.0.isra.0.str1.4
                0x0000000010009f70       0x1f CMakeFiles/midi_firmware.dir/home/jacob/Documents/build/pico-sdk/lib/tinyusb/src/portable/raspberrypi/rp2040/rp2040_usb.c.obj
 *fill*         0x0000000010009f8f        0x1 
 .rodata.hw_endpoint_xfer_continue.str1.4
                0x0000000010009f90       0x29 CMakeFiles/midi_firmware.dir/home/jacob/Documents/build/pico-sdk/lib/tinyusb/src/portable/raspberrypi/rp2040/rp2040_usb.c.obj
 .rodata.str1.4
                0x0000000010009fb9       0x29 CMakeFiles/midi_firmware.dir/home/jacob/Documents/build/pico-sdk/lib/tinyusb/src/portable/raspberrypi/rp2040/rp2040_usb.c.obj
                                          0x7 (size before relaxing)
 *fill*         0x0000000010009fb9        0x3 
 .rodata.tud_task
                0x0000000010009fbc       0x8c CMakeFiles/midi_firmware.dir/home/jacob/Documents/build/pico-sdk/lib/tinyusb/src/device/usbd.c.obj
 .rodata._usbd_driver
                0x000000001000a048       0x18 CMakeFiles/midi_firmware.dir/home/jacob/Documents/build/pico-sdk/lib/tinyusb/src/device/usbd.c.obj
 .rodata.str1.4
                0x000000001000a060        0x4 CMakeFiles/midi_firmware.dir/home/jacob/Documents/build/pico-sdk/lib/tinyusb/hw/bsp/rp2040/family.c.obj
 .rodata.__bi_121.0
                0x000000001000a064        0xc CMakeFiles/midi_firmware.dir/home/jacob/Documents/build/pico-sdk/lib/tinyusb/hw/bsp/rp2040/family.c.obj
 .rodata.__bi_131.1
                0x000000001000a070        0x8 CMakeFiles/midi_firmware.dir/home/jacob/Documents/build/pico-sdk/lib/tinyusb/hw/bsp/rp2040/family.c.obj
 .rodata._global_impure_ptr
                0x000000001000a078        0x4 /usr/lib/gcc/arm-none-eabi/12.2.0/../../../../arm-none-eabi/lib/thumb/v6-m/nofp/libc.a(lib_a-impure.o)
                0x000000001000a078                _global_impure_ptr
                0x000000001000a07c                . = ALIGN (0x4)
 *(SORT_BY_ALIGNMENT(SORT_BY_NAME(.flashdata*)))
                0x000000001000a07c                . = ALIGN (0x4)

.rel.dyn        0x000000001000a07c        0x0
 .rel.iplt      0x000000001000a07c        0x0 /usr/lib/gcc/arm-none-eabi/12.2.0/thumb/v6-m/nofp/crtbegin.o

.ARM.extab
 *(.ARM.extab* .gnu.linkonce.armextab.*)
                0x000000001000a07c                __exidx_start = .

.ARM.exidx
 *(.ARM.exidx* .gnu.linkonce.armexidx.*)
                0x000000001000a07c                __exidx_end = .
                0x000000001000a07c                . = ALIGN (0x4)
                0x000000001000a07c                __binary_info_start = .

.binary_info    0x000000001000a07c       0x2c
 *(.binary_info.keep.*)
 .binary_info.keep.__bi_ptr81
                0x000000001000a07c        0x4 CMakeFiles/midi_firmware.dir/home/jacob/Documents/build/pico-sdk/src/rp2_common/pico_standard_link/binary_info.c.obj
 .binary_info.keep.__bi_ptr75
                0x000000001000a080        0x4 CMakeFiles/midi_firmware.dir/home/jacob/Documents/build/pico-sdk/src/rp2_common/pico_standard_link/binary_info.c.obj
 .binary_info.keep.__bi_ptr50
                0x000000001000a084        0x4 CMakeFiles/midi_firmware.dir/home/jacob/Documents/build/pico-sdk/src/rp2_common/pico_standard_link/binary_info.c.obj
 .binary_info.keep.__bi_ptr44
                0x000000001000a088        0x4 CMakeFiles/midi_firmware.dir/home/jacob/Documents/build/pico-sdk/src/rp2_common/pico_standard_link/binary_info.c.obj
 .binary_info.keep.__bi_ptr38
                0x000000001000a08c        0x4 CMakeFiles/midi_firmware.dir/home/jacob/Documents/build/pico-sdk/src/rp2_common/pico_standard_link/binary_info.c.obj
 .binary_info.keep.__bi_ptr30
                0x000000001000a090        0x4 CMakeFiles/midi_firmware.dir/home/jacob/Documents/build/pico-sdk/src/rp2_common/pico_standard_link/binary_info.c.obj
 .binary_info.keep.__bi_ptr22
                0x000000001000a094        0x4 CMakeFiles/midi_firmware.dir/home/jacob/Documents/build/pico-sdk/src/rp2_common/pico_standard_link/binary_info.c.obj
 .binary_info.keep.__bi_ptr131
                0x000000001000a098        0x4 CMakeFiles/midi_firmware.dir/home/jacob/Documents/build/pico-sdk/lib/tinyusb/hw/bsp/rp2040/family.c.obj
 .binary_info.keep.__bi_ptr121
                0x000000001000a09c        0x4 CMakeFiles/midi_firmware.dir/home/jacob/Documents/build/pico-sdk/lib/tinyusb/hw/bsp/rp2040/family.c.obj
 *(.binary_info.*)
 .binary_info.__bi_ptr29
                0x000000001000a0a0        0x4 CMakeFiles/midi_firmware.dir/home/jacob/Documents/build/pico-sdk/src/rp2_common/pico_stdio_uart/stdio_uart.c.obj
 .binary_info.__bi_ptr28
                0x000000001000a0a4        0x4 CMakeFiles/midi_firmware.dir/home/jacob/Documents/build/pico-sdk/src/rp2_common/pico_stdio_uart/stdio_uart.c.obj
                0x000000001000a0a8                __binary_info_end = .
                0x000000001000a0a8                . = ALIGN (0x4)
                0x000000001000a0a8                __etext = .

.ram_vector_table
                0x0000000020000000       0xc0
 *(.ram_vector_table)
 .ram_vector_table
                0x0000000020000000       0xc0 CMakeFiles/midi_firmware.dir/home/jacob/Documents/build/pico-sdk/src/rp2_common/pico_runtime/runtime.c.obj
                0x0000000020000000                ram_vector_table

.data           0x00000000200000c0     0x107c load address 0x000000001000a0a8
                0x00000000200000c0                __data_start__ = .
 *(vtable)
 *(.time_critical*)
 .time_critical.mutex_enter_blocking
                0x00000000200000c0       0x48 CMakeFiles/midi_firmware.dir/home/jacob/Documents/build/pico-sdk/src/common/pico_sync/mutex.c.obj
                0x00000000200000c0                mutex_enter_blocking
 .time_critical.mutex_try_enter
                0x0000000020000108       0x40 CMakeFiles/midi_firmware.dir/home/jacob/Documents/build/pico-sdk/src/common/pico_sync/mutex.c.obj
                0x0000000020000108                mutex_try_enter
 .time_critical.mutex_enter_timeout_ms
                0x0000000020000148       0xa0 CMakeFiles/midi_firmware.dir/home/jacob/Documents/build/pico-sdk/src/common/pico_sync/mutex.c.obj
                0x0000000020000148                mutex_enter_timeout_ms
 .time_critical.mutex_exit
                0x00000000200001e8       0x28 CMakeFiles/midi_firmware.dir/home/jacob/Documents/build/pico-sdk/src/common/pico_sync/mutex.c.obj
                0x00000000200001e8                mutex_exit
 .time_critical.spi_write_blocking
                0x0000000020000210       0x4c CMakeFiles/midi_firmware.dir/home/jacob/Documents/build/pico-sdk/src/rp2_common/hardware_spi/spi.c.obj
                0x0000000020000210                spi_write_blocking
 .time_critical.spi_write16_blocking
                0x000000002000025c       0x50 CMakeFiles/midi_firmware.dir/home/jacob/Documents/build/pico-sdk/src/rp2_common/hardware_spi/spi.c.obj
                0x000000002000025c                spi_write16_blocking
 .time_critical.spi_read16_blocking
                0x00000000200002ac       0x68 CMakeFiles/midi_firmware.dir/home/jacob/Documents/build/pico-sdk/src/rp2_common/hardware_spi/spi.c.obj
                0x00000000200002ac                spi_read16_blocking
 *(.text*)
 .text          0x0000000020000314        0x4 /usr/lib/gcc/arm-none-eabi/12.2.0/thumb/v6-m/nofp/libgcc.a(_dvmd_tls.o)
                0x0000000020000314                __aeabi_ldiv0
                0x0000000020000314                __aeabi_idiv0
 .text.__stub   0x0000000020000318       0x30 linker stubs
                0x0000000020000348                . = ALIGN (0x4)
 *(.rodata*)
                0x0000000020000348                . = ALIGN (0x4)
 *(.data*)
 .data.midi_velocity_lut
                0x0000000020000348      0x17c CMakeFiles/midi_firmware.dir/main.c.obj
                0x0000000020000348                midi_velocity_lut
 *fill*         0x00000000200004c4        0x4 
 .data.adc_pos_lut
                0x00000000200004c8      0x320 CMakeFiles/midi_firmware.dir/main.c.obj
                0x00000000200004c8                adc_pos_lut
 .data.string_desc_arr
                0x00000000200007e8       0x10 CMakeFiles/midi_firmware.dir/usb_descriptors.c.obj
                0x00000000200007e8                string_desc_arr
 .data.striped_spin_lock_num
                0x00000000200007f8        0x1 CMakeFiles/midi_firmware.dir/home/jacob/Documents/build/pico-sdk/src/rp2_common/hardware_sync/sync.c.obj
 *fill*         0x00000000200007f9        0x3 
 .data.default_alarm_pool
                0x00000000200007fc       0x18 CMakeFiles/midi_firmware.dir/home/jacob/Documents/build/pico-sdk/src/common/pico_time/time.c.obj
 .data.default_alarm_pool_heap
                0x0000000020000814       0x10 CMakeFiles/midi_firmware.dir/home/jacob/Documents/build/pico-sdk/src/common/pico_time/time.c.obj
 .data          0x0000000020000824       0x48 CMakeFiles/midi_firmware.dir/home/jacob/Documents/build/pico-sdk/src/rp2_common/hardware_irq/irq_handler_chain.S.obj
                0x0000000020000824                irq_handler_chain_slots
                0x0000000020000854                irq_handler_chain_first_slot
                0x000000002000085e                irq_handler_chain_remove_tail
 *fill*         0x000000002000086c        0x4 
 .data.aeabi_bits_funcs
                0x0000000020000870       0x10 CMakeFiles/midi_firmware.dir/home/jacob/Documents/build/pico-sdk/src/rp2_common/pico_bit_ops/bit_ops_aeabi.S.obj
                0x0000000020000870                aeabi_bits_funcs
                0x0000000020000880                aeabi_bits_funcs_end
 .data.aeabi_mem_funcs
                0x0000000020000880       0x10 CMakeFiles/midi_firmware.dir/home/jacob/Documents/build/pico-sdk/src/rp2_common/pico_mem_ops/mem_ops_aeabi.S.obj
                0x0000000020000880                aeabi_mem_funcs
                0x0000000020000890                aeabi_mem_funcs_end
 .data.stdio_uart
                0x0000000020000890       0x14 CMakeFiles/midi_firmware.dir/home/jacob/Documents/build/pico-sdk/src/rp2_common/pico_stdio_uart/stdio_uart.c.obj
                0x0000000020000890                stdio_uart
 .data.ep_dir_string
                0x00000000200008a4        0x8 CMakeFiles/midi_firmware.dir/home/jacob/Documents/build/pico-sdk/lib/tinyusb/src/portable/raspberrypi/rp2040/rp2040_usb.c.obj
                0x00000000200008a4                ep_dir_string
 .data._usbd_qdef
                0x00000000200008ac       0x24 CMakeFiles/midi_firmware.dir/home/jacob/Documents/build/pico-sdk/lib/tinyusb/src/device/usbd.c.obj
                0x00000000200008ac                _usbd_qdef
 .data._impure_ptr
                0x00000000200008d0        0x4 /usr/lib/gcc/arm-none-eabi/12.2.0/../../../../arm-none-eabi/lib/thumb/v6-m/nofp/libc.a(lib_a-impure.o)
                0x00000000200008d0                _impure_ptr
 *fill*         0x00000000200008d4        0x4 
 .data.impure_data
                0x00000000200008d8      0x428 /usr/lib/gcc/arm-none-eabi/12.2.0/../../../../arm-none-eabi/lib/thumb/v6-m/nofp/libc.a(lib_a-impure.o)
 .data.__malloc_av_
                0x0000000020000d00      0x408 /usr/lib/gcc/arm-none-eabi/12.2.0/../../../../arm-none-eabi/lib/thumb/v6-m/nofp/libc.a(lib_a-mallocr.o)
                0x0000000020000d00                __malloc_av_
 .data.__malloc_sbrk_base
                0x0000000020001108        0x4 /usr/lib/gcc/arm-none-eabi/12.2.0/../../../../arm-none-eabi/lib/thumb/v6-m/nofp/libc.a(lib_a-mallocr.o)
                0x0000000020001108                __malloc_sbrk_base
 .data.__malloc_trim_threshold
                0x000000002000110c        0x4 /usr/lib/gcc/arm-none-eabi/12.2.0/../../../../arm-none-eabi/lib/thumb/v6-m/nofp/libc.a(lib_a-mallocr.o)
                0x000000002000110c                __malloc_trim_threshold
 .data.__atexit_recursive_mutex
                0x0000000020001110        0x4 /usr/lib/gcc/arm-none-eabi/12.2.0/../../../../arm-none-eabi/lib/thumb/v6-m/nofp/libc.a(lib_a-__call_atexit.o)
                0x0000000020001110                __atexit_recursive_mutex
                0x0000000020001114                . = ALIGN (0x4)
 *(.after_data.*)
                0x0000000020001114                . = ALIGN (0x4)
                0x0000000020001114                PROVIDE (__mutex_array_start = .)
 *(SORT_BY_NAME(.mutex_array.*))
 *(.mutex_array)
 .mutex_array   0x0000000020001114        0x8 CMakeFiles/midi_firmware.dir/home/jacob/Documents/build/pico-sdk/src/rp2_common/pico_malloc/pico_malloc.c.obj
 .mutex_array   0x000000002000111c        0x8 CMakeFiles/midi_firmware.dir/home/jacob/Documents/build/pico-sdk/src/rp2_common/pico_stdio/stdio.c.obj
                0x0000000020001124                PROVIDE (__mutex_array_end = .)
                0x0000000020001124                . = ALIGN (0x4)
                0x0000000020001124                PROVIDE (__preinit_array_start = .)
 *(SORT_BY_NAME(.preinit_array.*))
 .preinit_array.00001
                0x0000000020001124        0x4 CMakeFiles/midi_firmware.dir/home/jacob/Documents/build/pico-sdk/src/rp2_common/pico_mem_ops/mem_ops_aeabi.S.obj
 .preinit_array.00010
                0x0000000020001128        0x4 CMakeFiles/midi_firmware.dir/home/jacob/Documents/build/pico-sdk/src/rp2_common/pico_bit_ops/bit_ops_aeabi.S.obj
 .preinit_array.00020
                0x000000002000112c        0x4 CMakeFiles/midi_firmware.dir/home/jacob/Documents/build/pico-sdk/src/rp2_common/pico_double/double_aeabi.S.obj
 .preinit_array.00020
                0x0000000020001130        0x4 CMakeFiles/midi_firmware.dir/home/jacob/Documents/build/pico-sdk/src/rp2_common/pico_float/float_aeabi.S.obj
 *(.preinit_array)
                0x0000000020001134                PROVIDE (__preinit_array_end = .)
                0x0000000020001134                . = ALIGN (0x4)
                0x0000000020001134                PROVIDE (__init_array_start = .)
 *(SORT_BY_NAME(.init_array.*))
 .init_array.00000
                0x0000000020001134        0x4 /usr/lib/gcc/arm-none-eabi/12.2.0/../../../../arm-none-eabi/lib/thumb/v6-m/nofp/libc.a(lib_a-__call_atexit.o)
 *(.init_array)
 .init_array    0x0000000020001138        0x4 /usr/lib/gcc/arm-none-eabi/12.2.0/thumb/v6-m/nofp/crtbegin.o
                0x000000002000113c                PROVIDE (__init_array_end = .)
                0x000000002000113c                . = ALIGN (0x4)
                0x000000002000113c                PROVIDE (__fini_array_start = .)
 *(SORT_BY_NAME(.fini_array.*))
 *(.fini_array)
                0x000000002000113c                PROVIDE (__fini_array_end = .)
 *(.jcr)
                0x000000002000113c                . = ALIGN (0x4)
                0x000000002000113c                __data_end__ = .

.igot.plt       0x000000002000113c        0x0 load address 0x000000001000b124
 .igot.plt      0x000000002000113c        0x0 /usr/lib/gcc/arm-none-eabi/12.2.0/thumb/v6-m/nofp/crtbegin.o

.uninitialized_data
                0x000000002000113c        0x0 load address 0x000000001000b124
                0x000000002000113c                . = ALIGN (0x4)
 *(.uninitialized_data*)

.scratch_x      0x0000000020040000        0x0 load address 0x000000001000b124
                0x0000000020040000                __scratch_x_start__ = .
 *(.scratch_x.*)
                0x0000000020040000                . = ALIGN (0x4)
                0x0000000020040000                __scratch_x_end__ = .
                0x000000001000b124                __scratch_x_source__ = LOADADDR (.scratch_x)

.scratch_y      0x0000000020041000        0x0 load address 0x000000001000b124
                0x0000000020041000                __scratch_y_start__ = .
 *(.scratch_y.*)
                0x0000000020041000                . = ALIGN (0x4)
                0x0000000020041000                __scratch_y_end__ = .
                0x000000001000b124                __scratch_y_source__ = LOADADDR (.scratch_y)

.bss            0x0000000020001140      0xd50
                0x0000000020001140                . = ALIGN (0x4)
                0x0000000020001140                __bss_start__ = .
 *(SORT_BY_ALIGNMENT(SORT_BY_NAME(.bss*)))
 .bss.configured_freq
                0x0000000020001140       0x28 CMakeFiles/midi_firmware.dir/home/jacob/Documents/build/pico-sdk/src/rp2_common/hardware_clocks/clocks.c.obj
 .bss.default_alarm_pool_entries
                0x0000000020001168      0x100 CMakeFiles/midi_firmware.dir/home/jacob/Documents/build/pico-sdk/src/common/pico_time/time.c.obj
 .bss.sd_table  0x0000000020001268      0x100 CMakeFiles/midi_firmware.dir/home/jacob/Documents/build/pico-sdk/src/rp2_common/pico_double/double_init_rom.c.obj
                0x0000000020001268                sd_table
 .bss.sf_table  0x0000000020001368      0x100 CMakeFiles/midi_firmware.dir/home/jacob/Documents/build/pico-sdk/src/rp2_common/pico_float/float_init_rom.c.obj
                0x0000000020001368                sf_table
 .bss.__lock___atexit_recursive_mutex
                0x0000000020001468        0x1 /usr/lib/gcc/arm-none-eabi/12.2.0/../../../../arm-none-eabi/lib/thumb/v6-m/nofp/libc.a(lib_a-lock.o)
                0x0000000020001468                __lock___atexit_recursive_mutex
 *fill*         0x0000000020001469        0x3 
 .bss.__lock___malloc_recursive_mutex
                0x000000002000146c        0x1 /usr/lib/gcc/arm-none-eabi/12.2.0/../../../../arm-none-eabi/lib/thumb/v6-m/nofp/libc.a(lib_a-lock.o)
                0x000000002000146c                __lock___malloc_recursive_mutex
 *fill*         0x000000002000146d        0x3 
 .bss.__malloc_current_mallinfo
                0x0000000020001470       0x28 /usr/lib/gcc/arm-none-eabi/12.2.0/../../../../arm-none-eabi/lib/thumb/v6-m/nofp/libc.a(lib_a-mallocr.o)
                0x0000000020001470                __malloc_current_mallinfo
 .bss.__malloc_max_sbrked_mem
                0x0000000020001498        0x4 /usr/lib/gcc/arm-none-eabi/12.2.0/../../../../arm-none-eabi/lib/thumb/v6-m/nofp/libc.a(lib_a-mallocr.o)
                0x0000000020001498                __malloc_max_sbrked_mem
 .bss.__malloc_max_total_mem
                0x000000002000149c        0x4 /usr/lib/gcc/arm-none-eabi/12.2.0/../../../../arm-none-eabi/lib/thumb/v6-m/nofp/libc.a(lib_a-mallocr.o)
                0x000000002000149c                __malloc_max_total_mem
 .bss.__malloc_top_pad
                0x00000000200014a0        0x4 /usr/lib/gcc/arm-none-eabi/12.2.0/../../../../arm-none-eabi/lib/thumb/v6-m/nofp/libc.a(lib_a-mallocr.o)
                0x00000000200014a0                __malloc_top_pad
 .bss._app_driver
                0x00000000200014a4        0x4 CMakeFiles/midi_firmware.dir/home/jacob/Documents/build/pico-sdk/lib/tinyusb/src/device/usbd.c.obj
 .bss._callbacks
                0x00000000200014a8        0x8 CMakeFiles/midi_firmware.dir/home/jacob/Documents/build/pico-sdk/src/rp2_common/hardware_gpio/gpio.c.obj
 .bss._ctrl_xfer
                0x00000000200014b0       0x14 CMakeFiles/midi_firmware.dir/home/jacob/Documents/build/pico-sdk/lib/tinyusb/src/device/usbd_control.c.obj
 .bss._desc_str
                0x00000000200014c4       0x40 CMakeFiles/midi_firmware.dir/usb_descriptors.c.obj
 .bss._midid_itf
                0x0000000020001504      0x158 CMakeFiles/midi_firmware.dir/home/jacob/Documents/build/pico-sdk/lib/tinyusb/src/class/midi/midi_device.c.obj
                0x0000000020001504                _midid_itf
 .bss._ubsd_mutexdef
                0x000000002000165c        0x8 CMakeFiles/midi_firmware.dir/home/jacob/Documents/build/pico-sdk/lib/tinyusb/src/device/usbd.c.obj
 .bss._usbd_ctrl_buf
                0x0000000020001664       0x40 CMakeFiles/midi_firmware.dir/home/jacob/Documents/build/pico-sdk/lib/tinyusb/src/device/usbd_control.c.obj
 .bss._usbd_dev
                0x00000000200016a4       0x53 CMakeFiles/midi_firmware.dir/home/jacob/Documents/build/pico-sdk/lib/tinyusb/src/device/usbd.c.obj
 *fill*         0x00000000200016f7        0x1 
 .bss._usbd_mutex
                0x00000000200016f8        0x4 CMakeFiles/midi_firmware.dir/home/jacob/Documents/build/pico-sdk/lib/tinyusb/src/device/usbd.c.obj
 .bss._usbd_q   0x00000000200016fc        0x4 CMakeFiles/midi_firmware.dir/home/jacob/Documents/build/pico-sdk/lib/tinyusb/src/device/usbd.c.obj
 .bss._usbd_qdef_buf
                0x0000000020001700       0xc0 CMakeFiles/midi_firmware.dir/home/jacob/Documents/build/pico-sdk/lib/tinyusb/src/device/usbd.c.obj
                0x0000000020001700                _usbd_qdef_buf
 .bss.adc_global
                0x00000000200017c0        0x4 CMakeFiles/midi_firmware.dir/main.c.obj
                0x00000000200017c0                adc_global
 .bss.alarm_callbacks
                0x00000000200017c4       0x10 CMakeFiles/midi_firmware.dir/home/jacob/Documents/build/pico-sdk/src/rp2_common/hardware_timer/timer.c.obj
 .bss.buffer.3  0x00000000200017d4       0x10 CMakeFiles/midi_firmware.dir/display.c.obj
 .bss.buffer.6  0x00000000200017e4       0xc8 CMakeFiles/midi_firmware.dir/display.c.obj
 .bss.character.5
                0x00000000200018ac        0x5 CMakeFiles/midi_firmware.dir/display.c.obj
 *fill*         0x00000000200018b1        0x3 
 .bss.claimed   0x00000000200018b4        0x4 CMakeFiles/midi_firmware.dir/home/jacob/Documents/build/pico-sdk/src/rp2_common/hardware_sync/sync.c.obj
 .bss.default_alarm_pool_entry_ids_high
                0x00000000200018b8       0x10 CMakeFiles/midi_firmware.dir/home/jacob/Documents/build/pico-sdk/src/common/pico_time/time.c.obj
 .bss.default_alarm_pool_heap_nodes
                0x00000000200018c8       0x30 CMakeFiles/midi_firmware.dir/home/jacob/Documents/build/pico-sdk/src/common/pico_time/time.c.obj
 .bss.disp_global
                0x00000000200018f8        0x4 CMakeFiles/midi_firmware.dir/main.c.obj
                0x00000000200018f8                disp_global
 .bss.drivers   0x00000000200018fc        0x4 CMakeFiles/midi_firmware.dir/home/jacob/Documents/build/pico-sdk/src/rp2_common/pico_stdio/stdio.c.obj
 .bss.errno     0x0000000020001900        0x4 /usr/lib/gcc/arm-none-eabi/12.2.0/../../../../arm-none-eabi/lib/thumb/v6-m/nofp/libc.a(lib_a-reent.o)
                0x0000000020001900                errno
 .bss.filter    0x0000000020001904        0x4 CMakeFiles/midi_firmware.dir/home/jacob/Documents/build/pico-sdk/src/rp2_common/pico_stdio/stdio.c.obj
 .bss.heap_end.0
                0x0000000020001908        0x4 CMakeFiles/midi_firmware.dir/home/jacob/Documents/build/pico-sdk/src/rp2_common/pico_runtime/runtime.c.obj
 .bss.hw_endpoints
                0x000000002000190c      0x400 CMakeFiles/midi_firmware.dir/home/jacob/Documents/build/pico-sdk/lib/tinyusb/src/portable/raspberrypi/rp2040/dcd_rp2040.c.obj
 .bss.i.1       0x0000000020001d0c        0x4 CMakeFiles/midi_firmware.dir/main.c.obj
 .bss.key_state_q
                0x0000000020001d10       0x10 CMakeFiles/midi_firmware.dir/main.c.obj
                0x0000000020001d10                key_state_q
 .bss.keyboard_global
                0x0000000020001d20        0x4 CMakeFiles/midi_firmware.dir/main.c.obj
                0x0000000020001d20                keyboard_global
 .bss.lazy_vsnprintf
                0x0000000020001d24        0x4 CMakeFiles/midi_firmware.dir/home/jacob/Documents/build/pico-sdk/src/rp2_common/pico_printf/printf.c.obj
 .bss.next_buffer_ptr
                0x0000000020001d28        0x4 CMakeFiles/midi_firmware.dir/home/jacob/Documents/build/pico-sdk/lib/tinyusb/src/portable/raspberrypi/rp2040/dcd_rp2040.c.obj
 .bss.object.0  0x0000000020001d2c       0x18 /usr/lib/gcc/arm-none-eabi/12.2.0/thumb/v6-m/nofp/crtbegin.o
 .bss.pools     0x0000000020001d44       0x10 CMakeFiles/midi_firmware.dir/home/jacob/Documents/build/pico-sdk/src/common/pico_time/time.c.obj
 .bss.screen.4  0x0000000020001d54        0xe CMakeFiles/midi_firmware.dir/display.c.obj
 *fill*         0x0000000020001d62        0x2 
 .bss.screen.7  0x0000000020001d64      0x100 CMakeFiles/midi_firmware.dir/display.c.obj
 .bss.sf_clz_func
                0x0000000020001e64        0x4 CMakeFiles/midi_firmware.dir/home/jacob/Documents/build/pico-sdk/src/rp2_common/pico_double/double_init_rom.c.obj
                0x0000000020001e64                sf_clz_func
 .bss.sleep_notifier
                0x0000000020001e68        0x4 CMakeFiles/midi_firmware.dir/home/jacob/Documents/build/pico-sdk/src/common/pico_time/time.c.obj
 .bss.start_ms.0
                0x0000000020001e6c        0x4 CMakeFiles/midi_firmware.dir/main.c.obj
 .bss.target_hi
                0x0000000020001e70       0x10 CMakeFiles/midi_firmware.dir/home/jacob/Documents/build/pico-sdk/src/rp2_common/hardware_timer/timer.c.obj
 .bss.uart_char_to_line_feed
                0x0000000020001e80        0x4 CMakeFiles/midi_firmware.dir/home/jacob/Documents/build/pico-sdk/src/rp2_common/hardware_uart/uart.c.obj
                0x0000000020001e80                uart_char_to_line_feed
 .bss.uart_instance
                0x0000000020001e84        0x4 CMakeFiles/midi_firmware.dir/home/jacob/Documents/build/pico-sdk/src/rp2_common/pico_stdio_uart/stdio_uart.c.obj
 .bss._app_driver_count
                0x0000000020001e88        0x1 CMakeFiles/midi_firmware.dir/home/jacob/Documents/build/pico-sdk/lib/tinyusb/src/device/usbd.c.obj
 .bss._usbd_initialized
                0x0000000020001e89        0x1 CMakeFiles/midi_firmware.dir/home/jacob/Documents/build/pico-sdk/lib/tinyusb/src/device/usbd.c.obj
 .bss.claimed   0x0000000020001e8a        0x1 CMakeFiles/midi_firmware.dir/home/jacob/Documents/build/pico-sdk/src/rp2_common/hardware_timer/timer.c.obj
 .bss.irq_hander_chain_free_slot_head
                0x0000000020001e8b        0x1 CMakeFiles/midi_firmware.dir/home/jacob/Documents/build/pico-sdk/src/rp2_common/hardware_irq/irq.c.obj
 .bss.timer_callbacks_pending
                0x0000000020001e8c        0x1 CMakeFiles/midi_firmware.dir/home/jacob/Documents/build/pico-sdk/src/rp2_common/hardware_timer/timer.c.obj
 *(COMMON)
                0x0000000020001e90                . = ALIGN (0x4)
 *fill*         0x0000000020001e8d        0x3 
                0x0000000020001e90                __bss_end__ = .

.heap           0x0000000020001e90      0x800
                0x0000000020001e90                __end__ = .
                0x0000000020001e90                end = __end__
 *(.heap*)
 .heap          0x0000000020001e90      0x800 CMakeFiles/midi_firmware.dir/home/jacob/Documents/build/pico-sdk/src/rp2_common/pico_standard_link/crt0.S.obj
                0x0000000020002690                __HeapLimit = .

.stack1_dummy   0x0000000020040000      0x800
 *(.stack1*)
 .stack1        0x0000000020040000      0x800 CMakeFiles/midi_firmware.dir/home/jacob/Documents/build/pico-sdk/src/rp2_common/pico_multicore/multicore.c.obj

.stack_dummy    0x0000000020041000      0x800
 *(.stack*)
 .stack         0x0000000020041000      0x800 CMakeFiles/midi_firmware.dir/home/jacob/Documents/build/pico-sdk/src/rp2_common/pico_standard_link/crt0.S.obj

.flash_end      0x000000001000b124        0x0
                0x000000001000b124                __flash_binary_end = .
                0x0000000020040000                __StackLimit = (ORIGIN (RAM) + LENGTH (RAM))